Dec 23 10:46:36 localhost kernel: imklog 5.8.10, log source = /proc/kmsg started.
Dec 23 10:46:37 localhost rsyslogd: [origin software="rsyslogd" swVersion="5.8.10" x-pid="1096" x-info="http://www.rsyslog.com"] start
Dec 23 10:46:37 localhost kernel: Initializing cgroup subsys cpuset
Dec 23 10:46:37 localhost kernel: Initializing cgroup subsys cpu
Dec 23 10:46:37 localhost kernel: Linux version 2.6.32-358.el6.x86_64 (mockbuild@x86-022.build.eng.bos.redhat.com) (gcc version 4.4.7 20120313 (Red Hat 4.4.7-3) (GCC) ) #1 SMP Tue Jan 29 11:47:41 EST 2013
Dec 23 10:46:37 localhost kernel: Command line: ro root=/dev/mapper/VolGroup-lv_root rd_LUKS_UUID=luks-4b3fb6fe-97d8-4118-8b9a-6cb259fe0077 LANG=en_US.UTF-8 rd_NO_MD rd_LVM_LV=VolGroup/lv_swap SYSFONT=latarcyrheb-sun16 crashkernel=auto rd_LVM_LV=VolGroup/lv_root  KEYBOARDTYPE=pc KEYTABLE=us rd_NO_DM rhgb quiet
Dec 23 10:46:37 localhost kernel: KERNEL supported cpus:
Dec 23 10:46:37 localhost kernel:  Intel GenuineIntel
Dec 23 10:46:37 localhost kernel:  AMD AuthenticAMD
Dec 23 10:46:37 localhost kernel:  Centaur CentaurHauls
Dec 23 10:46:37 localhost kernel: Disabled fast string operations
Dec 23 10:46:37 localhost kernel: BIOS-provided physical RAM map:
Dec 23 10:46:37 localhost kernel: BIOS-e820: 0000000000000000 - 000000000009ec00 (usable)
Dec 23 10:46:37 localhost kernel: BIOS-e820: 000000000009ec00 - 00000000000a0000 (reserved)
Dec 23 10:46:37 localhost kernel: BIOS-e820: 00000000000dc000 - 0000000000100000 (reserved)
Dec 23 10:46:37 localhost kernel: BIOS-e820: 0000000000100000 - 000000007fee0000 (usable)
Dec 23 10:46:37 localhost kernel: BIOS-e820: 000000007fee0000 - 000000007feff000 (ACPI data)
Dec 23 10:46:37 localhost kernel: BIOS-e820: 000000007feff000 - 000000007ff00000 (ACPI NVS)
Dec 23 10:46:37 localhost kernel: BIOS-e820: 000000007ff00000 - 0000000080000000 (usable)
Dec 23 10:46:37 localhost kernel: BIOS-e820: 00000000f0000000 - 00000000f8000000 (reserved)
Dec 23 10:46:37 localhost kernel: BIOS-e820: 00000000fec00000 - 00000000fec10000 (reserved)
Dec 23 10:46:37 localhost kernel: BIOS-e820: 00000000fee00000 - 00000000fee01000 (reserved)
Dec 23 10:46:37 localhost kernel: BIOS-e820: 00000000fffe0000 - 0000000100000000 (reserved)
Dec 23 10:46:37 localhost kernel: DMI present.
Dec 23 10:46:37 localhost kernel: SMBIOS version 2.4 @ 0xF6B30
Dec 23 10:46:37 localhost kernel: Phoenix BIOS detected: BIOS may corrupt low RAM, working around it.
Dec 23 10:46:37 localhost kernel: Hypervisor detected: VMware
Dec 23 10:46:37 localhost kernel: last_pfn = 0x80000 max_arch_pfn = 0x400000000
Dec 23 10:46:37 localhost kernel: x86 PAT enabled: cpu 0, old 0x0, new 0x7010600070106
Dec 23 10:46:37 localhost kernel: init_memory_mapping: 0000000000000000-0000000080000000
Dec 23 10:46:37 localhost kernel: RAMDISK: 3711f000 - 37fef369
Dec 23 10:46:37 localhost kernel: ACPI: RSDP 00000000000f6b80 00024 (v02 PTLTD )
Dec 23 10:46:37 localhost kernel: ACPI: XSDT 000000007feeda33 0005C (v01 INTEL  440BX    06040000 VMW  01324272)
Dec 23 10:46:37 localhost kernel: ACPI: FACP 000000007fefee73 000F4 (v04 INTEL  440BX    06040000 PTL  000F4240)
Dec 23 10:46:37 localhost kernel: ACPI: DSDT 000000007feee8eb 10588 (v01 PTLTD  Custom   06040000 MSFT 03000001)
Dec 23 10:46:37 localhost kernel: ACPI: FACS 000000007fefffc0 00040
Dec 23 10:46:37 localhost kernel: ACPI: BOOT 000000007feee8c3 00028 (v01 PTLTD  $SBFTBL$ 06040000  LTP 00000001)
Dec 23 10:46:37 localhost kernel: ACPI: APIC 000000007feee501 003C2 (v01 PTLTD  ? APIC   06040000  LTP 00000000)
Dec 23 10:46:37 localhost kernel: ACPI: MCFG 000000007feee4c5 0003C (v01 PTLTD  $PCITBL$ 06040000  LTP 00000001)
Dec 23 10:46:37 localhost kernel: ACPI: SRAT 000000007feedb2f 004D0 (v02 VMWARE MEMPLUG  06040000 VMW  00000001)
Dec 23 10:46:37 localhost kernel: ACPI: HPET 000000007feedaf7 00038 (v01 VMWARE VMW HPET 06040000 VMW  00000001)
Dec 23 10:46:37 localhost kernel: ACPI: WAET 000000007feedacf 00028 (v01 VMWARE VMW WAET 06040000 VMW  00000001)
Dec 23 10:46:37 localhost kernel: Setting APIC routing to physical flat.
Dec 23 10:46:37 localhost kernel: SRAT: PXM 0 -> APIC 0 -> Node 0
Dec 23 10:46:37 localhost kernel: SRAT: PXM 0 -> APIC 2 -> Node 0
Dec 23 10:46:37 localhost kernel: SRAT: PXM 0 -> APIC 4 -> Node 0
Dec 23 10:46:37 localhost kernel: SRAT: PXM 0 -> APIC 6 -> Node 0
Dec 23 10:46:37 localhost kernel: SRAT: PXM 0 -> APIC 8 -> Node 0
Dec 23 10:46:37 localhost kernel: SRAT: PXM 0 -> APIC 10 -> Node 0
Dec 23 10:46:37 localhost kernel: SRAT: PXM 0 -> APIC 12 -> Node 0
Dec 23 10:46:37 localhost kernel: SRAT: PXM 0 -> APIC 14 -> Node 0
Dec 23 10:46:37 localhost kernel: SRAT: PXM 0 -> APIC 16 -> Node 0
Dec 23 10:46:37 localhost kernel: SRAT: PXM 0 -> APIC 18 -> Node 0
Dec 23 10:46:37 localhost kernel: SRAT: PXM 0 -> APIC 20 -> Node 0
Dec 23 10:46:37 localhost kernel: SRAT: PXM 0 -> APIC 22 -> Node 0
Dec 23 10:46:37 localhost kernel: SRAT: PXM 0 -> APIC 24 -> Node 0
Dec 23 10:46:37 localhost kernel: SRAT: PXM 0 -> APIC 26 -> Node 0
Dec 23 10:46:37 localhost kernel: SRAT: PXM 0 -> APIC 28 -> Node 0
Dec 23 10:46:37 localhost kernel: SRAT: PXM 0 -> APIC 30 -> Node 0
Dec 23 10:46:37 localhost kernel: SRAT: PXM 0 -> APIC 32 -> Node 0
Dec 23 10:46:37 localhost kernel: SRAT: PXM 0 -> APIC 34 -> Node 0
Dec 23 10:46:37 localhost kernel: SRAT: PXM 0 -> APIC 36 -> Node 0
Dec 23 10:46:37 localhost kernel: SRAT: PXM 0 -> APIC 38 -> Node 0
Dec 23 10:46:37 localhost kernel: SRAT: PXM 0 -> APIC 40 -> Node 0
Dec 23 10:46:37 localhost kernel: SRAT: PXM 0 -> APIC 42 -> Node 0
Dec 23 10:46:37 localhost kernel: SRAT: PXM 0 -> APIC 44 -> Node 0
Dec 23 10:46:37 localhost kernel: SRAT: PXM 0 -> APIC 46 -> Node 0
Dec 23 10:46:37 localhost kernel: SRAT: PXM 0 -> APIC 48 -> Node 0
Dec 23 10:46:37 localhost kernel: SRAT: PXM 0 -> APIC 50 -> Node 0
Dec 23 10:46:37 localhost kernel: SRAT: PXM 0 -> APIC 52 -> Node 0
Dec 23 10:46:37 localhost kernel: SRAT: PXM 0 -> APIC 54 -> Node 0
Dec 23 10:46:37 localhost kernel: SRAT: PXM 0 -> APIC 56 -> Node 0
Dec 23 10:46:37 localhost kernel: SRAT: PXM 0 -> APIC 58 -> Node 0
Dec 23 10:46:37 localhost kernel: SRAT: PXM 0 -> APIC 60 -> Node 0
Dec 23 10:46:37 localhost kernel: SRAT: PXM 0 -> APIC 62 -> Node 0
Dec 23 10:46:37 localhost kernel: SRAT: PXM 0 -> APIC 64 -> Node 0
Dec 23 10:46:37 localhost kernel: SRAT: PXM 0 -> APIC 66 -> Node 0
Dec 23 10:46:37 localhost kernel: SRAT: PXM 0 -> APIC 68 -> Node 0
Dec 23 10:46:37 localhost kernel: SRAT: PXM 0 -> APIC 70 -> Node 0
Dec 23 10:46:37 localhost kernel: SRAT: PXM 0 -> APIC 72 -> Node 0
Dec 23 10:46:37 localhost kernel: SRAT: PXM 0 -> APIC 74 -> Node 0
Dec 23 10:46:37 localhost kernel: SRAT: PXM 0 -> APIC 76 -> Node 0
Dec 23 10:46:37 localhost kernel: SRAT: PXM 0 -> APIC 78 -> Node 0
Dec 23 10:46:37 localhost kernel: SRAT: PXM 0 -> APIC 80 -> Node 0
Dec 23 10:46:37 localhost kernel: SRAT: PXM 0 -> APIC 82 -> Node 0
Dec 23 10:46:37 localhost kernel: SRAT: PXM 0 -> APIC 84 -> Node 0
Dec 23 10:46:37 localhost kernel: SRAT: PXM 0 -> APIC 86 -> Node 0
Dec 23 10:46:37 localhost kernel: SRAT: PXM 0 -> APIC 88 -> Node 0
Dec 23 10:46:37 localhost kernel: SRAT: PXM 0 -> APIC 90 -> Node 0
Dec 23 10:46:37 localhost kernel: SRAT: PXM 0 -> APIC 92 -> Node 0
Dec 23 10:46:37 localhost kernel: SRAT: PXM 0 -> APIC 94 -> Node 0
Dec 23 10:46:37 localhost kernel: SRAT: PXM 0 -> APIC 96 -> Node 0
Dec 23 10:46:37 localhost kernel: SRAT: PXM 0 -> APIC 98 -> Node 0
Dec 23 10:46:37 localhost kernel: SRAT: PXM 0 -> APIC 100 -> Node 0
Dec 23 10:46:37 localhost kernel: SRAT: PXM 0 -> APIC 102 -> Node 0
Dec 23 10:46:37 localhost kernel: SRAT: PXM 0 -> APIC 104 -> Node 0
Dec 23 10:46:37 localhost kernel: SRAT: PXM 0 -> APIC 106 -> Node 0
Dec 23 10:46:37 localhost kernel: SRAT: PXM 0 -> APIC 108 -> Node 0
Dec 23 10:46:37 localhost kernel: SRAT: PXM 0 -> APIC 110 -> Node 0
Dec 23 10:46:37 localhost kernel: SRAT: PXM 0 -> APIC 112 -> Node 0
Dec 23 10:46:37 localhost kernel: SRAT: PXM 0 -> APIC 114 -> Node 0
Dec 23 10:46:37 localhost kernel: SRAT: PXM 0 -> APIC 116 -> Node 0
Dec 23 10:46:37 localhost kernel: SRAT: PXM 0 -> APIC 118 -> Node 0
Dec 23 10:46:37 localhost kernel: SRAT: PXM 0 -> APIC 120 -> Node 0
Dec 23 10:46:37 localhost kernel: SRAT: PXM 0 -> APIC 122 -> Node 0
Dec 23 10:46:37 localhost kernel: SRAT: PXM 0 -> APIC 124 -> Node 0
Dec 23 10:46:37 localhost kernel: SRAT: PXM 0 -> APIC 126 -> Node 0
Dec 23 10:46:37 localhost kernel: SRAT: Node 0 PXM 0 0-a0000
Dec 23 10:46:37 localhost kernel: SRAT: Node 0 PXM 0 100000-10000000
Dec 23 10:46:37 localhost kernel: SRAT: Node 0 PXM 0 10000000-80000000
Dec 23 10:46:37 localhost kernel: SRAT: Node 0 PXM 0 80000000-c0000000
Dec 23 10:46:37 localhost kernel: SRAT: hot plug zone found 80000000 - c0000000
Dec 23 10:46:37 localhost kernel: Bootmem setup node 0 0000000000000000-0000000080000000
Dec 23 10:46:37 localhost kernel:  NODE_DATA [0000000000012840 - 000000000004683f]
Dec 23 10:46:37 localhost kernel:  bootmap [0000000000047000 -  0000000000056fff] pages 10
Dec 23 10:46:37 localhost kernel: (8 early reservations) ==> bootmem [0000000000 - 0080000000]
Dec 23 10:46:37 localhost kernel:  #0 [0000000000 - 0000001000]   BIOS data page ==> [0000000000 - 0000001000]
Dec 23 10:46:37 localhost kernel:  #1 [0000006000 - 0000008000]       TRAMPOLINE ==> [0000006000 - 0000008000]
Dec 23 10:46:37 localhost kernel:  #2 [0001000000 - 000201b0a4]    TEXT DATA BSS ==> [0001000000 - 000201b0a4]
Dec 23 10:46:37 localhost kernel:  #3 [003711f000 - 0037fef369]          RAMDISK ==> [003711f000 - 0037fef369]
Dec 23 10:46:37 localhost kernel:  #4 [000009ec00 - 0000100000]    BIOS reserved ==> [000009ec00 - 0000100000]
Dec 23 10:46:37 localhost kernel:  #5 [000201c000 - 000201c1f0]              BRK ==> [000201c000 - 000201c1f0]
Dec 23 10:46:37 localhost kernel:  #6 [0000010000 - 0000011000]          PGTABLE ==> [0000010000 - 0000011000]
Dec 23 10:46:37 localhost kernel:  #7 [0000011000 - 0000012840]       MEMNODEMAP ==> [0000011000 - 0000012840]
Dec 23 10:46:37 localhost kernel: found SMP MP-table at [ffff8800000f6bf0] f6bf0
Dec 23 10:46:37 localhost kernel: Reserving 129MB of memory at 48MB for crashkernel (System RAM: 2048MB)
Dec 23 10:46:37 localhost kernel: Zone PFN ranges:
Dec 23 10:46:37 localhost kernel:  DMA      0x00000010 -> 0x00001000
Dec 23 10:46:37 localhost kernel:  DMA32    0x00001000 -> 0x00100000
Dec 23 10:46:37 localhost kernel:  Normal   0x00100000 -> 0x00100000
Dec 23 10:46:37 localhost kernel: Movable zone start PFN for each node
Dec 23 10:46:37 localhost kernel: early_node_map[3] active PFN ranges
Dec 23 10:46:37 localhost kernel:    0: 0x00000010 -> 0x0000009e
Dec 23 10:46:37 localhost kernel:    0: 0x00000100 -> 0x0007fee0
Dec 23 10:46:37 localhost kernel:    0: 0x0007ff00 -> 0x00080000
Dec 23 10:46:37 localhost kernel: ACPI: PM-Timer IO Port: 0x1008
Dec 23 10:46:37 localhost kernel: Setting APIC routing to physical flat.
Dec 23 10:46:37 localhost kernel: ACPI: LAPIC (acpi_id[0x00] lapic_id[0x00] enabled)
Dec 23 10:46:37 localhost kernel: ACPI: LAPIC (acpi_id[0x01] lapic_id[0x02] enabled)
Dec 23 10:46:37 localhost kernel: ACPI: LAPIC (acpi_id[0x02] lapic_id[0x04] disabled)
Dec 23 10:46:37 localhost kernel: ACPI: LAPIC (acpi_id[0x03] lapic_id[0x06] disabled)
Dec 23 10:46:37 localhost kernel: ACPI: LAPIC (acpi_id[0x04] lapic_id[0x08] disabled)
Dec 23 10:46:37 localhost kernel: ACPI: LAPIC (acpi_id[0x05] lapic_id[0x0a] disabled)
Dec 23 10:46:37 localhost kernel: ACPI: LAPIC (acpi_id[0x06] lapic_id[0x0c] disabled)
Dec 23 10:46:37 localhost kernel: ACPI: LAPIC (acpi_id[0x07] lapic_id[0x0e] disabled)
Dec 23 10:46:37 localhost kernel: ACPI: LAPIC (acpi_id[0x08] lapic_id[0x10] disabled)
Dec 23 10:46:37 localhost kernel: ACPI: LAPIC (acpi_id[0x09] lapic_id[0x12] disabled)
Dec 23 10:46:37 localhost kernel: ACPI: LAPIC (acpi_id[0x0a] lapic_id[0x14] disabled)
Dec 23 10:46:37 localhost kernel: ACPI: LAPIC (acpi_id[0x0b] lapic_id[0x16] disabled)
Dec 23 10:46:37 localhost kernel: ACPI: LAPIC (acpi_id[0x0c] lapic_id[0x18] disabled)
Dec 23 10:46:37 localhost kernel: ACPI: LAPIC (acpi_id[0x0d] lapic_id[0x1a] disabled)
Dec 23 10:46:37 localhost kernel: ACPI: LAPIC (acpi_id[0x0e] lapic_id[0x1c] disabled)
Dec 23 10:46:37 localhost kernel: ACPI: LAPIC (acpi_id[0x0f] lapic_id[0x1e] disabled)
Dec 23 10:46:37 localhost kernel: ACPI: LAPIC (acpi_id[0x10] lapic_id[0x20] disabled)
Dec 23 10:46:37 localhost kernel: ACPI: LAPIC (acpi_id[0x11] lapic_id[0x22] disabled)
Dec 23 10:46:37 localhost kernel: ACPI: LAPIC (acpi_id[0x12] lapic_id[0x24] disabled)
Dec 23 10:46:37 localhost kernel: ACPI: LAPIC (acpi_id[0x13] lapic_id[0x26] disabled)
Dec 23 10:46:37 localhost kernel: ACPI: LAPIC (acpi_id[0x14] lapic_id[0x28] disabled)
Dec 23 10:46:37 localhost kernel: ACPI: LAPIC (acpi_id[0x15] lapic_id[0x2a] disabled)
Dec 23 10:46:37 localhost kernel: ACPI: LAPIC (acpi_id[0x16] lapic_id[0x2c] disabled)
Dec 23 10:46:37 localhost kernel: ACPI: LAPIC (acpi_id[0x17] lapic_id[0x2e] disabled)
Dec 23 10:46:37 localhost kernel: ACPI: LAPIC (acpi_id[0x18] lapic_id[0x30] disabled)
Dec 23 10:46:37 localhost kernel: ACPI: LAPIC (acpi_id[0x19] lapic_id[0x32] disabled)
Dec 23 10:46:37 localhost kernel: ACPI: LAPIC (acpi_id[0x1a] lapic_id[0x34] disabled)
Dec 23 10:46:37 localhost kernel: ACPI: LAPIC (acpi_id[0x1b] lapic_id[0x36] disabled)
Dec 23 10:46:37 localhost kernel: ACPI: LAPIC (acpi_id[0x1c] lapic_id[0x38] disabled)
Dec 23 10:46:37 localhost kernel: ACPI: LAPIC (acpi_id[0x1d] lapic_id[0x3a] disabled)
Dec 23 10:46:37 localhost kernel: ACPI: LAPIC (acpi_id[0x1e] lapic_id[0x3c] disabled)
Dec 23 10:46:37 localhost kernel: ACPI: LAPIC (acpi_id[0x1f] lapic_id[0x3e] disabled)
Dec 23 10:46:37 localhost kernel: ACPI: LAPIC (acpi_id[0x20] lapic_id[0x40] disabled)
Dec 23 10:46:37 localhost kernel: ACPI: LAPIC (acpi_id[0x21] lapic_id[0x42] disabled)
Dec 23 10:46:37 localhost kernel: ACPI: LAPIC (acpi_id[0x22] lapic_id[0x44] disabled)
Dec 23 10:46:37 localhost kernel: ACPI: LAPIC (acpi_id[0x23] lapic_id[0x46] disabled)
Dec 23 10:46:37 localhost kernel: ACPI: LAPIC (acpi_id[0x24] lapic_id[0x48] disabled)
Dec 23 10:46:37 localhost kernel: ACPI: LAPIC (acpi_id[0x25] lapic_id[0x4a] disabled)
Dec 23 10:46:37 localhost kernel: ACPI: LAPIC (acpi_id[0x26] lapic_id[0x4c] disabled)
Dec 23 10:46:37 localhost kernel: ACPI: LAPIC (acpi_id[0x27] lapic_id[0x4e] disabled)
Dec 23 10:46:37 localhost kernel: ACPI: LAPIC (acpi_id[0x28] lapic_id[0x50] disabled)
Dec 23 10:46:37 localhost kernel: ACPI: LAPIC (acpi_id[0x29] lapic_id[0x52] disabled)
Dec 23 10:46:37 localhost kernel: ACPI: LAPIC (acpi_id[0x2a] lapic_id[0x54] disabled)
Dec 23 10:46:37 localhost kernel: ACPI: LAPIC (acpi_id[0x2b] lapic_id[0x56] disabled)
Dec 23 10:46:37 localhost kernel: ACPI: LAPIC (acpi_id[0x2c] lapic_id[0x58] disabled)
Dec 23 10:46:37 localhost kernel: ACPI: LAPIC (acpi_id[0x2d] lapic_id[0x5a] disabled)
Dec 23 10:46:37 localhost kernel: ACPI: LAPIC (acpi_id[0x2e] lapic_id[0x5c] disabled)
Dec 23 10:46:37 localhost kernel: ACPI: LAPIC (acpi_id[0x2f] lapic_id[0x5e] disabled)
Dec 23 10:46:37 localhost kernel: ACPI: LAPIC (acpi_id[0x30] lapic_id[0x60] disabled)
Dec 23 10:46:37 localhost kernel: ACPI: LAPIC (acpi_id[0x31] lapic_id[0x62] disabled)
Dec 23 10:46:37 localhost kernel: ACPI: LAPIC (acpi_id[0x32] lapic_id[0x64] disabled)
Dec 23 10:46:37 localhost kernel: ACPI: LAPIC (acpi_id[0x33] lapic_id[0x66] disabled)
Dec 23 10:46:37 localhost kernel: ACPI: LAPIC (acpi_id[0x34] lapic_id[0x68] disabled)
Dec 23 10:46:37 localhost kernel: ACPI: LAPIC (acpi_id[0x35] lapic_id[0x6a] disabled)
Dec 23 10:46:37 localhost kernel: ACPI: LAPIC (acpi_id[0x36] lapic_id[0x6c] disabled)
Dec 23 10:46:37 localhost kernel: ACPI: LAPIC (acpi_id[0x37] lapic_id[0x6e] disabled)
Dec 23 10:46:37 localhost kernel: ACPI: LAPIC (acpi_id[0x38] lapic_id[0x70] disabled)
Dec 23 10:46:37 localhost kernel: ACPI: LAPIC (acpi_id[0x39] lapic_id[0x72] disabled)
Dec 23 10:46:37 localhost kernel: ACPI: LAPIC (acpi_id[0x3a] lapic_id[0x74] disabled)
Dec 23 10:46:37 localhost kernel: ACPI: LAPIC (acpi_id[0x3b] lapic_id[0x76] disabled)
Dec 23 10:46:37 localhost kernel: ACPI: LAPIC (acpi_id[0x3c] lapic_id[0x78] disabled)
Dec 23 10:46:37 localhost kernel: ACPI: LAPIC (acpi_id[0x3d] lapic_id[0x7a] disabled)
Dec 23 10:46:37 localhost kernel: ACPI: LAPIC (acpi_id[0x3e] lapic_id[0x7c] disabled)
Dec 23 10:46:37 localhost kernel: ACPI: LAPIC (acpi_id[0x3f] lapic_id[0x7e] disabled)
Dec 23 10:46:37 localhost kernel: ACPI: LAPIC_NMI (acpi_id[0x00] high edge lint[0x1])
Dec 23 10:46:37 localhost kernel: ACPI: LAPIC_NMI (acpi_id[0x01] high edge lint[0x1])
Dec 23 10:46:37 localhost kernel: ACPI: LAPIC_NMI (acpi_id[0x02] high edge lint[0x1])
Dec 23 10:46:37 localhost kernel: ACPI: LAPIC_NMI (acpi_id[0x03] high edge lint[0x1])
Dec 23 10:46:37 localhost kernel: ACPI: LAPIC_NMI (acpi_id[0x04] high edge lint[0x1])
Dec 23 10:46:37 localhost kernel: ACPI: LAPIC_NMI (acpi_id[0x05] high edge lint[0x1])
Dec 23 10:46:37 localhost kernel: ACPI: LAPIC_NMI (acpi_id[0x06] high edge lint[0x1])
Dec 23 10:46:37 localhost kernel: ACPI: LAPIC_NMI (acpi_id[0x07] high edge lint[0x1])
Dec 23 10:46:37 localhost kernel: ACPI: LAPIC_NMI (acpi_id[0x08] high edge lint[0x1])
Dec 23 10:46:37 localhost kernel: ACPI: LAPIC_NMI (acpi_id[0x09] high edge lint[0x1])
Dec 23 10:46:37 localhost kernel: ACPI: LAPIC_NMI (acpi_id[0x0a] high edge lint[0x1])
Dec 23 10:46:37 localhost kernel: ACPI: LAPIC_NMI (acpi_id[0x0b] high edge lint[0x1])
Dec 23 10:46:37 localhost kernel: ACPI: LAPIC_NMI (acpi_id[0x0c] high edge lint[0x1])
Dec 23 10:46:37 localhost kernel: ACPI: LAPIC_NMI (acpi_id[0x0d] high edge lint[0x1])
Dec 23 10:46:37 localhost kernel: ACPI: LAPIC_NMI (acpi_id[0x0e] high edge lint[0x1])
Dec 23 10:46:37 localhost kernel: ACPI: LAPIC_NMI (acpi_id[0x0f] high edge lint[0x1])
Dec 23 10:46:37 localhost kernel: ACPI: LAPIC_NMI (acpi_id[0x10] high edge lint[0x1])
Dec 23 10:46:37 localhost kernel: ACPI: LAPIC_NMI (acpi_id[0x11] high edge lint[0x1])
Dec 23 10:46:37 localhost kernel: ACPI: LAPIC_NMI (acpi_id[0x12] high edge lint[0x1])
Dec 23 10:46:37 localhost kernel: ACPI: LAPIC_NMI (acpi_id[0x13] high edge lint[0x1])
Dec 23 10:46:37 localhost kernel: ACPI: LAPIC_NMI (acpi_id[0x14] high edge lint[0x1])
Dec 23 10:46:37 localhost kernel: ACPI: LAPIC_NMI (acpi_id[0x15] high edge lint[0x1])
Dec 23 10:46:37 localhost kernel: ACPI: LAPIC_NMI (acpi_id[0x16] high edge lint[0x1])
Dec 23 10:46:37 localhost kernel: ACPI: LAPIC_NMI (acpi_id[0x17] high edge lint[0x1])
Dec 23 10:46:37 localhost kernel: ACPI: LAPIC_NMI (acpi_id[0x18] high edge lint[0x1])
Dec 23 10:46:37 localhost kernel: ACPI: LAPIC_NMI (acpi_id[0x19] high edge lint[0x1])
Dec 23 10:46:37 localhost kernel: ACPI: LAPIC_NMI (acpi_id[0x1a] high edge lint[0x1])
Dec 23 10:46:37 localhost kernel: ACPI: LAPIC_NMI (acpi_id[0x1b] high edge lint[0x1])
Dec 23 10:46:37 localhost kernel: ACPI: LAPIC_NMI (acpi_id[0x1c] high edge lint[0x1])
Dec 23 10:46:37 localhost kernel: ACPI: LAPIC_NMI (acpi_id[0x1d] high edge lint[0x1])
Dec 23 10:46:37 localhost kernel: ACPI: LAPIC_NMI (acpi_id[0x1e] high edge lint[0x1])
Dec 23 10:46:37 localhost kernel: ACPI: LAPIC_NMI (acpi_id[0x1f] high edge lint[0x1])
Dec 23 10:46:37 localhost kernel: ACPI: LAPIC_NMI (acpi_id[0x20] high edge lint[0x1])
Dec 23 10:46:37 localhost kernel: ACPI: LAPIC_NMI (acpi_id[0x21] high edge lint[0x1])
Dec 23 10:46:37 localhost kernel: ACPI: LAPIC_NMI (acpi_id[0x22] high edge lint[0x1])
Dec 23 10:46:37 localhost kernel: ACPI: LAPIC_NMI (acpi_id[0x23] high edge lint[0x1])
Dec 23 10:46:37 localhost kernel: ACPI: LAPIC_NMI (acpi_id[0x24] high edge lint[0x1])
Dec 23 10:46:37 localhost kernel: ACPI: LAPIC_NMI (acpi_id[0x25] high edge lint[0x1])
Dec 23 10:46:37 localhost kernel: ACPI: LAPIC_NMI (acpi_id[0x26] high edge lint[0x1])
Dec 23 10:46:37 localhost kernel: ACPI: LAPIC_NMI (acpi_id[0x27] high edge lint[0x1])
Dec 23 10:46:37 localhost kernel: ACPI: LAPIC_NMI (acpi_id[0x28] high edge lint[0x1])
Dec 23 10:46:37 localhost kernel: ACPI: LAPIC_NMI (acpi_id[0x29] high edge lint[0x1])
Dec 23 10:46:37 localhost kernel: ACPI: LAPIC_NMI (acpi_id[0x2a] high edge lint[0x1])
Dec 23 10:46:37 localhost kernel: ACPI: LAPIC_NMI (acpi_id[0x2b] high edge lint[0x1])
Dec 23 10:46:37 localhost kernel: ACPI: LAPIC_NMI (acpi_id[0x2c] high edge lint[0x1])
Dec 23 10:46:37 localhost kernel: ACPI: LAPIC_NMI (acpi_id[0x2d] high edge lint[0x1])
Dec 23 10:46:37 localhost kernel: ACPI: LAPIC_NMI (acpi_id[0x2e] high edge lint[0x1])
Dec 23 10:46:37 localhost kernel: ACPI: LAPIC_NMI (acpi_id[0x2f] high edge lint[0x1])
Dec 23 10:46:37 localhost kernel: ACPI: LAPIC_NMI (acpi_id[0x30] high edge lint[0x1])
Dec 23 10:46:37 localhost kernel: ACPI: LAPIC_NMI (acpi_id[0x31] high edge lint[0x1])
Dec 23 10:46:37 localhost kernel: ACPI: LAPIC_NMI (acpi_id[0x32] high edge lint[0x1])
Dec 23 10:46:37 localhost kernel: ACPI: LAPIC_NMI (acpi_id[0x33] high edge lint[0x1])
Dec 23 10:46:37 localhost kernel: ACPI: LAPIC_NMI (acpi_id[0x34] high edge lint[0x1])
Dec 23 10:46:37 localhost kernel: ACPI: LAPIC_NMI (acpi_id[0x35] high edge lint[0x1])
Dec 23 10:46:37 localhost kernel: ACPI: LAPIC_NMI (acpi_id[0x36] high edge lint[0x1])
Dec 23 10:46:37 localhost kernel: ACPI: LAPIC_NMI (acpi_id[0x37] high edge lint[0x1])
Dec 23 10:46:37 localhost kernel: ACPI: LAPIC_NMI (acpi_id[0x38] high edge lint[0x1])
Dec 23 10:46:37 localhost kernel: ACPI: LAPIC_NMI (acpi_id[0x39] high edge lint[0x1])
Dec 23 10:46:37 localhost kernel: ACPI: LAPIC_NMI (acpi_id[0x3a] high edge lint[0x1])
Dec 23 10:46:37 localhost kernel: ACPI: LAPIC_NMI (acpi_id[0x3b] high edge lint[0x1])
Dec 23 10:46:37 localhost kernel: ACPI: LAPIC_NMI (acpi_id[0x3c] high edge lint[0x1])
Dec 23 10:46:37 localhost kernel: ACPI: LAPIC_NMI (acpi_id[0x3d] high edge lint[0x1])
Dec 23 10:46:37 localhost kernel: ACPI: LAPIC_NMI (acpi_id[0x3e] high edge lint[0x1])
Dec 23 10:46:37 localhost kernel: ACPI: LAPIC_NMI (acpi_id[0x3f] high edge lint[0x1])
Dec 23 10:46:37 localhost kernel: ACPI: IOAPIC (id[0x01] address[0xfec00000] gsi_base[0])
Dec 23 10:46:37 localhost kernel: IOAPIC[0]: apic_id 1, version 17, address 0xfec00000, GSI 0-23
Dec 23 10:46:37 localhost kernel: ACPI: INT_SRC_OVR (bus 0 bus_irq 0 global_irq 2 high edge)
Dec 23 10:46:37 localhost kernel: Using ACPI (MADT) for SMP configuration information
Dec 23 10:46:37 localhost kernel: ACPI: HPET id: 0x8086af01 base: 0xfed00000
Dec 23 10:46:37 localhost kernel: SMP: Allowing 64 CPUs, 62 hotplug CPUs
Dec 23 10:46:37 localhost kernel: PM: Registered nosave memory: 000000000009e000 - 000000000009f000
Dec 23 10:46:37 localhost kernel: PM: Registered nosave memory: 000000000009f000 - 00000000000a0000
Dec 23 10:46:37 localhost kernel: PM: Registered nosave memory: 00000000000a0000 - 00000000000dc000
Dec 23 10:46:37 localhost kernel: PM: Registered nosave memory: 00000000000dc000 - 0000000000100000
Dec 23 10:46:37 localhost kernel: PM: Registered nosave memory: 000000007fee0000 - 000000007feff000
Dec 23 10:46:37 localhost kernel: PM: Registered nosave memory: 000000007feff000 - 000000007ff00000
Dec 23 10:46:37 localhost kernel: Allocating PCI resources starting at 80000000 (gap: 80000000:70000000)
Dec 23 10:46:37 localhost kernel: Booting paravirtualized kernel on bare hardware
Dec 23 10:46:37 localhost kernel: NR_CPUS:4096 nr_cpumask_bits:64 nr_cpu_ids:64 nr_node_ids:1
Dec 23 10:46:37 localhost kernel: PERCPU: Embedded 31 pages/cpu @ffff88000c400000 s94552 r8192 d24232 u131072
Dec 23 10:46:37 localhost kernel: pcpu-alloc: s94552 r8192 d24232 u131072 alloc=1*2097152
Dec 23 10:46:37 localhost kernel: pcpu-alloc: [0] 00 01 02 03 04 05 06 07 08 09 10 11 12 13 14 15 
Dec 23 10:46:37 localhost kernel: pcpu-alloc: [0] 16 17 18 19 20 21 22 23 24 25 26 27 28 29 30 31 
Dec 23 10:46:37 localhost kernel: pcpu-alloc: [0] 32 33 34 35 36 37 38 39 40 41 42 43 44 45 46 47 
Dec 23 10:46:37 localhost kernel: pcpu-alloc: [0] 48 49 50 51 52 53 54 55 56 57 58 59 60 61 62 63 
Dec 23 10:46:37 localhost kernel: Built 1 zonelists in Node order, mobility grouping on.  Total pages: 516872
Dec 23 10:46:37 localhost kernel: Policy zone: DMA32
Dec 23 10:46:37 localhost kernel: Kernel command line: ro root=/dev/mapper/VolGroup-lv_root rd_LUKS_UUID=luks-4b3fb6fe-97d8-4118-8b9a-6cb259fe0077 LANG=en_US.UTF-8 rd_NO_MD rd_LVM_LV=VolGroup/lv_swap SYSFONT=latarcyrheb-sun16 crashkernel=129M@0M rd_LVM_LV=VolGroup/lv_root  KEYBOARDTYPE=pc KEYTABLE=us rd_NO_DM rhgb quiet
Dec 23 10:46:37 localhost kernel: PID hash table entries: 4096 (order: 3, 32768 bytes)
Dec 23 10:46:37 localhost kernel: Checking aperture...
Dec 23 10:46:37 localhost kernel: No AGP bridge found
Dec 23 10:46:37 localhost kernel: Memory: 1895668k/2097152k available (5220k kernel code, 584k absent, 200900k reserved, 7121k data, 1264k init)
Dec 23 10:46:37 localhost kernel: Hierarchical RCU implementation.
Dec 23 10:46:37 localhost kernel: NR_IRQS:33024 nr_irqs:920
Dec 23 10:46:37 localhost kernel: Extended CMOS year: 2000
Dec 23 10:46:37 localhost kernel: Console: colour VGA+ 80x25
Dec 23 10:46:37 localhost kernel: console [tty0] enabled
Dec 23 10:46:37 localhost kernel: allocated 8388608 bytes of page_cgroup
Dec 23 10:46:37 localhost kernel: please try 'cgroup_disable=memory' option if you don't want memory cgroups
Dec 23 10:46:37 localhost kernel: TSC freq read from hypervisor : 2128.299 MHz
Dec 23 10:46:37 localhost kernel: Detected 2128.299 MHz processor.
Dec 23 10:46:37 localhost kernel: Calibrating delay loop (skipped) preset value.. 4256.59 BogoMIPS (lpj=2128299)
Dec 23 10:46:37 localhost kernel: pid_max: default: 65536 minimum: 512
Dec 23 10:46:37 localhost kernel: Security Framework initialized
Dec 23 10:46:37 localhost kernel: SELinux:  Initializing.
Dec 23 10:46:37 localhost kernel: Dentry cache hash table entries: 262144 (order: 9, 2097152 bytes)
Dec 23 10:46:37 localhost kernel: Inode-cache hash table entries: 131072 (order: 8, 1048576 bytes)
Dec 23 10:46:37 localhost kernel: Mount-cache hash table entries: 256
Dec 23 10:46:37 localhost kernel: Initializing cgroup subsys ns
Dec 23 10:46:37 localhost kernel: Initializing cgroup subsys cpuacct
Dec 23 10:46:37 localhost kernel: Initializing cgroup subsys memory
Dec 23 10:46:37 localhost kernel: Initializing cgroup subsys devices
Dec 23 10:46:37 localhost kernel: Initializing cgroup subsys freezer
Dec 23 10:46:37 localhost kernel: Initializing cgroup subsys net_cls
Dec 23 10:46:37 localhost kernel: Initializing cgroup subsys blkio
Dec 23 10:46:37 localhost kernel: Initializing cgroup subsys perf_event
Dec 23 10:46:37 localhost kernel: Initializing cgroup subsys net_prio
Dec 23 10:46:37 localhost kernel: Disabled fast string operations
Dec 23 10:46:37 localhost kernel: CPU: Physical Processor ID: 0
Dec 23 10:46:37 localhost kernel: mce: CPU supports 0 MCE banks
Dec 23 10:46:37 localhost kernel: alternatives: switching to unfair spinlock
Dec 23 10:46:37 localhost kernel: ACPI: Core revision 20090903
Dec 23 10:46:37 localhost kernel: ftrace: converting mcount calls to 0f 1f 44 00 00
Dec 23 10:46:37 localhost kernel: ftrace: allocating 21428 entries in 85 pages
Dec 23 10:46:37 localhost kernel: x2apic not enabled, IRQ remapping init failed
Dec 23 10:46:37 localhost kernel: Setting APIC routing to physical flat
Dec 23 10:46:37 localhost kernel: ..TIMER: vector=0x30 apic1=0 pin1=2 apic2=-1 pin2=-1
Dec 23 10:46:37 localhost kernel: CPU0: Intel(R) Core(TM) i3 CPU       M 330  @ 2.13GHz stepping 02
Dec 23 10:46:37 localhost kernel: Performance Events: Westmere events, core PMU driver.
Dec 23 10:46:37 localhost kernel: CPUID marked event: 'cpu cycles' unavailable
Dec 23 10:46:37 localhost kernel: CPUID marked event: 'instructions' unavailable
Dec 23 10:46:37 localhost kernel: CPUID marked event: 'bus cycles' unavailable
Dec 23 10:46:37 localhost kernel: CPUID marked event: 'cache references' unavailable
Dec 23 10:46:37 localhost kernel: CPUID marked event: 'cache misses' unavailable
Dec 23 10:46:37 localhost kernel: CPUID marked event: 'branch instructions' unavailable
Dec 23 10:46:37 localhost kernel: CPUID marked event: 'branch misses' unavailable
Dec 23 10:46:37 localhost kernel: ... version:                1
Dec 23 10:46:37 localhost kernel: ... bit width:              48
Dec 23 10:46:37 localhost kernel: ... generic registers:      4
Dec 23 10:46:37 localhost kernel: ... value mask:             0000ffffffffffff
Dec 23 10:46:37 localhost kernel: ... max period:             000000007fffffff
Dec 23 10:46:37 localhost kernel: ... fixed-purpose events:   0
Dec 23 10:46:37 localhost kernel: ... event mask:             000000000000000f
Dec 23 10:46:37 localhost kernel: NMI watchdog disabled (cpu0): hardware events not enabled
Dec 23 10:46:37 localhost kernel: Booting Node   0, Processors  #1
Dec 23 10:46:37 localhost kernel: Disabled fast string operations
Dec 23 10:46:37 localhost kernel: mce: CPU supports 0 MCE banks
Dec 23 10:46:37 localhost kernel: Brought up 2 CPUs
Dec 23 10:46:37 localhost kernel: Total of 2 processors activated (8513.19 BogoMIPS).
Dec 23 10:46:37 localhost kernel: x86 PAT enabled: cpu 0, old 0x0, new 0x7010600070106
Dec 23 10:46:37 localhost kernel: x86 PAT enabled: cpu 1, old 0x0, new 0x7010600070106
Dec 23 10:46:37 localhost kernel: devtmpfs: initialized
Dec 23 10:46:37 localhost kernel: PM: Registering ACPI NVS region at 7feff000 (4096 bytes)
Dec 23 10:46:37 localhost kernel: regulator: core version 0.5
Dec 23 10:46:37 localhost kernel: NET: Registered protocol family 16
Dec 23 10:46:37 localhost kernel: ACPI: bus type pci registered
Dec 23 10:46:37 localhost kernel: PCI: MCFG configuration 0: base f0000000 segment 0 buses 0 - 127
Dec 23 10:46:37 localhost kernel: PCI: MCFG area at f0000000 reserved in E820
Dec 23 10:46:37 localhost kernel: PCI: Using MMCONFIG at f0000000 - f7ffffff
Dec 23 10:46:37 localhost kernel: PCI: Using configuration type 1 for base access
Dec 23 10:46:37 localhost kernel: bio: create slab <bio-0> at 0
Dec 23 10:46:37 localhost kernel: ACPI: BIOS _OSI(Linux) query ignored
Dec 23 10:46:37 localhost kernel: ACPI: Interpreter enabled
Dec 23 10:46:37 localhost kernel: ACPI: (supports S0 S1 S4 S5)
Dec 23 10:46:37 localhost kernel: ACPI: Using IOAPIC for interrupt routing
Dec 23 10:46:37 localhost kernel: ACPI: No dock devices found.
Dec 23 10:46:37 localhost kernel: HEST: Table not found.
Dec 23 10:46:37 localhost kernel: PCI: Using host bridge windows from ACPI; if necessary, use "pci=nocrs" and report a bug
Dec 23 10:46:37 localhost kernel: ACPI: PCI Root Bridge [PCI0] (domain 0000 [bus 00-7f])
Dec 23 10:46:37 localhost kernel: pci_root PNP0A03:00: host bridge window [mem 0x000a0000-0x000bffff]
Dec 23 10:46:37 localhost kernel: pci_root PNP0A03:00: host bridge window [mem 0x000d0000-0x000d3fff]
Dec 23 10:46:37 localhost kernel: pci_root PNP0A03:00: host bridge window [mem 0x000d4000-0x000d7fff]
Dec 23 10:46:37 localhost kernel: pci_root PNP0A03:00: host bridge window [mem 0x000d8000-0x000dbfff]
Dec 23 10:46:37 localhost kernel: pci_root PNP0A03:00: host bridge window [mem 0xc0000000-0xfebfffff]
Dec 23 10:46:37 localhost kernel: pci_root PNP0A03:00: host bridge window [io  0x0000-0x0cf7]
Dec 23 10:46:37 localhost kernel: pci_root PNP0A03:00: host bridge window [io  0x0d00-0xfeff]
Dec 23 10:46:37 localhost kernel: pci 0000:00:07.3: quirk: [io  0x1000-0x103f] claimed by PIIX4 ACPI
Dec 23 10:46:37 localhost kernel: pci 0000:00:07.3: quirk: [io  0x1040-0x104f] claimed by PIIX4 SMB
Dec 23 10:46:37 localhost kernel: pci 0000:00:15.0: PME# supported from D0 D3hot D3cold
Dec 23 10:46:37 localhost kernel: pci 0000:00:15.0: PME# disabled
Dec 23 10:46:37 localhost kernel: pci 0000:00:15.1: PME# supported from D0 D3hot D3cold
Dec 23 10:46:37 localhost kernel: pci 0000:00:15.1: PME# disabled
Dec 23 10:46:37 localhost kernel: pci 0000:00:15.2: PME# supported from D0 D3hot D3cold
Dec 23 10:46:37 localhost kernel: pci 0000:00:15.2: PME# disabled
Dec 23 10:46:37 localhost kernel: pci 0000:00:15.3: PME# supported from D0 D3hot D3cold
Dec 23 10:46:37 localhost kernel: pci 0000:00:15.3: PME# disabled
Dec 23 10:46:37 localhost kernel: pci 0000:00:15.4: PME# supported from D0 D3hot D3cold
Dec 23 10:46:37 localhost kernel: pci 0000:00:15.4: PME# disabled
Dec 23 10:46:37 localhost kernel: pci 0000:00:15.5: PME# supported from D0 D3hot D3cold
Dec 23 10:46:37 localhost kernel: pci 0000:00:15.5: PME# disabled
Dec 23 10:46:37 localhost kernel: pci 0000:00:15.6: PME# supported from D0 D3hot D3cold
Dec 23 10:46:37 localhost kernel: pci 0000:00:15.6: PME# disabled
Dec 23 10:46:37 localhost kernel: pci 0000:00:15.7: PME# supported from D0 D3hot D3cold
Dec 23 10:46:37 localhost kernel: pci 0000:00:15.7: PME# disabled
Dec 23 10:46:37 localhost kernel: pci 0000:00:16.0: PME# supported from D0 D3hot D3cold
Dec 23 10:46:37 localhost kernel: pci 0000:00:16.0: PME# disabled
Dec 23 10:46:37 localhost kernel: pci 0000:00:16.1: PME# supported from D0 D3hot D3cold
Dec 23 10:46:37 localhost kernel: pci 0000:00:16.1: PME# disabled
Dec 23 10:46:37 localhost kernel: pci 0000:00:16.2: PME# supported from D0 D3hot D3cold
Dec 23 10:46:37 localhost kernel: pci 0000:00:16.2: PME# disabled
Dec 23 10:46:37 localhost kernel: pci 0000:00:16.3: PME# supported from D0 D3hot D3cold
Dec 23 10:46:37 localhost kernel: pci 0000:00:16.3: PME# disabled
Dec 23 10:46:37 localhost kernel: pci 0000:00:16.4: PME# supported from D0 D3hot D3cold
Dec 23 10:46:37 localhost kernel: pci 0000:00:16.4: PME# disabled
Dec 23 10:46:37 localhost kernel: pci 0000:00:16.5: PME# supported from D0 D3hot D3cold
Dec 23 10:46:37 localhost kernel: pci 0000:00:16.5: PME# disabled
Dec 23 10:46:37 localhost kernel: pci 0000:00:16.6: PME# supported from D0 D3hot D3cold
Dec 23 10:46:37 localhost kernel: pci 0000:00:16.6: PME# disabled
Dec 23 10:46:37 localhost kernel: pci 0000:00:16.7: PME# supported from D0 D3hot D3cold
Dec 23 10:46:37 localhost kernel: pci 0000:00:16.7: PME# disabled
Dec 23 10:46:37 localhost kernel: pci 0000:00:17.0: PME# supported from D0 D3hot D3cold
Dec 23 10:46:37 localhost kernel: pci 0000:00:17.0: PME# disabled
Dec 23 10:46:37 localhost kernel: pci 0000:00:17.1: PME# supported from D0 D3hot D3cold
Dec 23 10:46:37 localhost kernel: pci 0000:00:17.1: PME# disabled
Dec 23 10:46:37 localhost kernel: pci 0000:00:17.2: PME# supported from D0 D3hot D3cold
Dec 23 10:46:37 localhost kernel: pci 0000:00:17.2: PME# disabled
Dec 23 10:46:37 localhost kernel: pci 0000:00:17.3: PME# supported from D0 D3hot D3cold
Dec 23 10:46:37 localhost kernel: pci 0000:00:17.3: PME# disabled
Dec 23 10:46:37 localhost kernel: pci 0000:00:17.4: PME# supported from D0 D3hot D3cold
Dec 23 10:46:37 localhost kernel: pci 0000:00:17.4: PME# disabled
Dec 23 10:46:37 localhost kernel: pci 0000:00:17.5: PME# supported from D0 D3hot D3cold
Dec 23 10:46:37 localhost kernel: pci 0000:00:17.5: PME# disabled
Dec 23 10:46:37 localhost kernel: pci 0000:00:17.6: PME# supported from D0 D3hot D3cold
Dec 23 10:46:37 localhost kernel: pci 0000:00:17.6: PME# disabled
Dec 23 10:46:37 localhost kernel: pci 0000:00:17.7: PME# supported from D0 D3hot D3cold
Dec 23 10:46:37 localhost kernel: pci 0000:00:17.7: PME# disabled
Dec 23 10:46:37 localhost kernel: pci 0000:00:18.0: PME# supported from D0 D3hot D3cold
Dec 23 10:46:37 localhost kernel: pci 0000:00:18.0: PME# disabled
Dec 23 10:46:37 localhost kernel: pci 0000:00:18.1: PME# supported from D0 D3hot D3cold
Dec 23 10:46:37 localhost kernel: pci 0000:00:18.1: PME# disabled
Dec 23 10:46:37 localhost kernel: pci 0000:00:18.2: PME# supported from D0 D3hot D3cold
Dec 23 10:46:37 localhost kernel: pci 0000:00:18.2: PME# disabled
Dec 23 10:46:37 localhost kernel: pci 0000:00:18.3: PME# supported from D0 D3hot D3cold
Dec 23 10:46:37 localhost kernel: pci 0000:00:18.3: PME# disabled
Dec 23 10:46:37 localhost kernel: pci 0000:00:18.4: PME# supported from D0 D3hot D3cold
Dec 23 10:46:37 localhost kernel: pci 0000:00:18.4: PME# disabled
Dec 23 10:46:37 localhost kernel: pci 0000:00:18.5: PME# supported from D0 D3hot D3cold
Dec 23 10:46:37 localhost kernel: pci 0000:00:18.5: PME# disabled
Dec 23 10:46:37 localhost kernel: pci 0000:00:18.6: PME# supported from D0 D3hot D3cold
Dec 23 10:46:37 localhost kernel: pci 0000:00:18.6: PME# disabled
Dec 23 10:46:37 localhost kernel: pci 0000:00:18.7: PME# supported from D0 D3hot D3cold
Dec 23 10:46:37 localhost kernel: pci 0000:00:18.7: PME# disabled
Dec 23 10:46:37 localhost kernel: pci 0000:00:01.0: PCI bridge to [bus 01-01]
Dec 23 10:46:37 localhost kernel: pci 0000:02:02.0: PME# supported from D3hot
Dec 23 10:46:37 localhost kernel: pci 0000:02:02.0: PME# disabled
Dec 23 10:46:37 localhost kernel: pci 0000:00:11.0: PCI bridge to [bus 02-02] (subtractive decode)
Dec 23 10:46:37 localhost kernel: pci 0000:00:15.0: PCI bridge to [bus 03-03]
Dec 23 10:46:37 localhost kernel: pci 0000:00:15.1: PCI bridge to [bus 04-04]
Dec 23 10:46:37 localhost kernel: pci 0000:00:15.2: PCI bridge to [bus 05-05]
Dec 23 10:46:37 localhost kernel: pci 0000:00:15.3: PCI bridge to [bus 06-06]
Dec 23 10:46:37 localhost kernel: pci 0000:00:15.4: PCI bridge to [bus 07-07]
Dec 23 10:46:37 localhost kernel: pci 0000:00:15.5: PCI bridge to [bus 08-08]
Dec 23 10:46:37 localhost kernel: pci 0000:00:15.6: PCI bridge to [bus 09-09]
Dec 23 10:46:37 localhost kernel: pci 0000:00:15.7: PCI bridge to [bus 0a-0a]
Dec 23 10:46:37 localhost kernel: pci 0000:00:16.0: PCI bridge to [bus 0b-0b]
Dec 23 10:46:37 localhost kernel: pci 0000:00:16.1: PCI bridge to [bus 0c-0c]
Dec 23 10:46:37 localhost kernel: pci 0000:00:16.2: PCI bridge to [bus 0d-0d]
Dec 23 10:46:37 localhost kernel: pci 0000:00:16.3: PCI bridge to [bus 0e-0e]
Dec 23 10:46:37 localhost kernel: pci 0000:00:16.4: PCI bridge to [bus 0f-0f]
Dec 23 10:46:37 localhost kernel: pci 0000:00:16.5: PCI bridge to [bus 10-10]
Dec 23 10:46:37 localhost kernel: pci 0000:00:16.6: PCI bridge to [bus 11-11]
Dec 23 10:46:37 localhost kernel: pci 0000:00:16.7: PCI bridge to [bus 12-12]
Dec 23 10:46:37 localhost kernel: pci 0000:00:17.0: PCI bridge to [bus 13-13]
Dec 23 10:46:37 localhost kernel: pci 0000:00:17.1: PCI bridge to [bus 14-14]
Dec 23 10:46:37 localhost kernel: pci 0000:00:17.2: PCI bridge to [bus 15-15]
Dec 23 10:46:37 localhost kernel: pci 0000:00:17.3: PCI bridge to [bus 16-16]
Dec 23 10:46:37 localhost kernel: pci 0000:00:17.4: PCI bridge to [bus 17-17]
Dec 23 10:46:37 localhost kernel: pci 0000:00:17.5: PCI bridge to [bus 18-18]
Dec 23 10:46:37 localhost kernel: pci 0000:00:17.6: PCI bridge to [bus 19-19]
Dec 23 10:46:37 localhost kernel: pci 0000:00:17.7: PCI bridge to [bus 1a-1a]
Dec 23 10:46:37 localhost kernel: pci 0000:00:18.0: PCI bridge to [bus 1b-1b]
Dec 23 10:46:37 localhost kernel: pci 0000:00:18.1: PCI bridge to [bus 1c-1c]
Dec 23 10:46:37 localhost kernel: pci 0000:00:18.2: PCI bridge to [bus 1d-1d]
Dec 23 10:46:37 localhost kernel: pci 0000:00:18.3: PCI bridge to [bus 1e-1e]
Dec 23 10:46:37 localhost kernel: pci 0000:00:18.4: PCI bridge to [bus 1f-1f]
Dec 23 10:46:37 localhost kernel: pci 0000:00:18.5: PCI bridge to [bus 20-20]
Dec 23 10:46:37 localhost kernel: pci 0000:00:18.6: PCI bridge to [bus 21-21]
Dec 23 10:46:37 localhost kernel: pci 0000:00:18.7: PCI bridge to [bus 22-22]
Dec 23 10:46:37 localhost kernel: pci0000:00: Requesting ACPI _OSC control (0x1d)
Dec 23 10:46:37 localhost kernel: pci0000:00: ACPI _OSC control (0x15) granted
Dec 23 10:46:37 localhost kernel: ACPI: PCI Interrupt Link [LNKA] (IRQs 3 4 5 6 7 *9 10 11 14 15)
Dec 23 10:46:37 localhost kernel: ACPI: PCI Interrupt Link [LNKB] (IRQs 3 4 5 6 7 9 10 *11 14 15)
Dec 23 10:46:37 localhost kernel: ACPI: PCI Interrupt Link [LNKC] (IRQs 3 4 5 6 7 9 *10 11 14 15)
Dec 23 10:46:37 localhost kernel: ACPI: PCI Interrupt Link [LNKD] (IRQs 3 4 5 6 7 9 10 11 14 15) *0, disabled.
Dec 23 10:46:37 localhost kernel: vgaarb: device added: PCI:0000:00:0f.0,decodes=io+mem,owns=io+mem,locks=none
Dec 23 10:46:37 localhost kernel: vgaarb: loaded
Dec 23 10:46:37 localhost kernel: vgaarb: bridge control possible 0000:00:0f.0
Dec 23 10:46:37 localhost kernel: SCSI subsystem initialized
Dec 23 10:46:37 localhost kernel: usbcore: registered new interface driver usbfs
Dec 23 10:46:37 localhost kernel: usbcore: registered new interface driver hub
Dec 23 10:46:37 localhost kernel: usbcore: registered new device driver usb
Dec 23 10:46:37 localhost kernel: PCI: Using ACPI for IRQ routing
Dec 23 10:46:37 localhost kernel: NetLabel: Initializing
Dec 23 10:46:37 localhost kernel: NetLabel:  domain hash size = 128
Dec 23 10:46:37 localhost kernel: NetLabel:  protocols = UNLABELED CIPSOv4
Dec 23 10:46:37 localhost kernel: NetLabel:  unlabeled traffic allowed by default
Dec 23 10:46:37 localhost kernel: HPET: 16 timers in total, 0 timers will be used for per-cpu timer
Dec 23 10:46:37 localhost kernel: hpet0: at MMIO 0xfed00000, IRQs 2, 8, 0, 0, 0, 0, 0, 0, 0, 0, 0, 0, 0, 0, 0, 0
Dec 23 10:46:37 localhost kernel: hpet0: 16 comparators, 64-bit 14.318180 MHz counter
Dec 23 10:46:37 localhost kernel: Switching to clocksource hpet
Dec 23 10:46:37 localhost kernel: pnp: PnP ACPI init
Dec 23 10:46:37 localhost kernel: ACPI: bus type pnp registered
Dec 23 10:46:37 localhost kernel: pnp: PnP ACPI: found 15 devices
Dec 23 10:46:37 localhost kernel: ACPI: ACPI bus type pnp unregistered
Dec 23 10:46:37 localhost kernel: system 00:01: [io  0x1000-0x103f] has been reserved
Dec 23 10:46:37 localhost kernel: system 00:01: [io  0x1040-0x104f] has been reserved
Dec 23 10:46:37 localhost kernel: system 00:01: [io  0x0cf0-0x0cf1] has been reserved
Dec 23 10:46:37 localhost kernel: system 00:08: [mem 0xfed00000-0xfed003ff] has been reserved
Dec 23 10:46:37 localhost kernel: system 00:0d: [io  0xfce0-0xfcff] has been reserved
Dec 23 10:46:37 localhost kernel: system 00:0d: [mem 0xf0000000-0xf7ffffff] has been reserved
Dec 23 10:46:37 localhost kernel: system 00:0d: [mem 0xfe800000-0xfe9fffff] has been reserved
Dec 23 10:46:37 localhost kernel: pci 0000:00:0f.0: BAR 6: assigned [mem 0xc0000000-0xc0007fff pref]
Dec 23 10:46:37 localhost kernel: pci 0000:00:10.0: BAR 6: assigned [mem 0xc0008000-0xc000bfff pref]
Dec 23 10:46:37 localhost kernel: pci 0000:00:18.7: BAR 13: can't assign io (size 0x1000)
Dec 23 10:46:37 localhost kernel: pci 0000:00:18.6: BAR 13: can't assign io (size 0x1000)
Dec 23 10:46:37 localhost kernel: pci 0000:00:18.5: BAR 13: can't assign io (size 0x1000)
Dec 23 10:46:37 localhost kernel: pci 0000:00:18.4: BAR 13: can't assign io (size 0x1000)
Dec 23 10:46:37 localhost kernel: pci 0000:00:18.3: BAR 13: can't assign io (size 0x1000)
Dec 23 10:46:37 localhost kernel: pci 0000:00:18.2: BAR 13: can't assign io (size 0x1000)
Dec 23 10:46:37 localhost kernel: pci 0000:00:17.7: BAR 13: can't assign io (size 0x1000)
Dec 23 10:46:37 localhost kernel: pci 0000:00:17.6: BAR 13: can't assign io (size 0x1000)
Dec 23 10:46:37 localhost kernel: pci 0000:00:17.5: BAR 13: can't assign io (size 0x1000)
Dec 23 10:46:37 localhost kernel: pci 0000:00:17.4: BAR 13: can't assign io (size 0x1000)
Dec 23 10:46:37 localhost kernel: pci 0000:00:17.3: BAR 13: can't assign io (size 0x1000)
Dec 23 10:46:37 localhost kernel: pci 0000:00:16.7: BAR 13: can't assign io (size 0x1000)
Dec 23 10:46:37 localhost kernel: pci 0000:00:16.6: BAR 13: can't assign io (size 0x1000)
Dec 23 10:46:37 localhost kernel: pci 0000:00:16.5: BAR 13: can't assign io (size 0x1000)
Dec 23 10:46:37 localhost kernel: pci 0000:00:16.4: BAR 13: can't assign io (size 0x1000)
Dec 23 10:46:37 localhost kernel: pci 0000:00:16.3: BAR 13: can't assign io (size 0x1000)
Dec 23 10:46:37 localhost kernel: pci 0000:00:15.7: BAR 13: can't assign io (size 0x1000)
Dec 23 10:46:37 localhost kernel: pci 0000:00:15.6: BAR 13: can't assign io (size 0x1000)
Dec 23 10:46:37 localhost kernel: pci 0000:00:15.5: BAR 13: can't assign io (size 0x1000)
Dec 23 10:46:37 localhost kernel: pci 0000:00:15.4: BAR 13: can't assign io (size 0x1000)
Dec 23 10:46:37 localhost kernel: pci 0000:00:15.3: BAR 13: can't assign io (size 0x1000)
Dec 23 10:46:37 localhost kernel: pci 0000:00:01.0: PCI bridge to [bus 01-01]
Dec 23 10:46:37 localhost kernel: pci 0000:00:01.0: PCI bridge to [bus 01-01]
Dec 23 10:46:37 localhost kernel: pci 0000:00:01.0:   bridge window [io  disabled]
Dec 23 10:46:37 localhost kernel: pci 0000:00:01.0:   bridge window [mem disabled]
Dec 23 10:46:37 localhost kernel: pci 0000:00:01.0:   bridge window [mem pref disabled]
Dec 23 10:46:37 localhost kernel: pci 0000:02:00.0: BAR 6: assigned [mem 0xe7b00000-0xe7b0ffff pref]
Dec 23 10:46:37 localhost kernel: pci 0000:02:02.0: BAR 6: assigned [mem 0xe7b10000-0xe7b1ffff pref]
Dec 23 10:46:37 localhost kernel: pci 0000:00:11.0: PCI bridge to [bus 02-02]
Dec 23 10:46:37 localhost kernel: pci 0000:00:11.0: PCI bridge to [bus 02-02]
Dec 23 10:46:37 localhost kernel: pci 0000:00:11.0:   bridge window [io  0x2000-0x3fff]
Dec 23 10:46:37 localhost kernel: pci 0000:00:11.0:   bridge window [mem 0xfd500000-0xfdffffff]
Dec 23 10:46:37 localhost kernel: pci 0000:00:11.0:   bridge window [mem 0xe7b00000-0xe7ffffff 64bit pref]
Dec 23 10:46:37 localhost kernel: pci 0000:00:15.0: PCI bridge to [bus 03-03]
Dec 23 10:46:37 localhost kernel: pci 0000:00:15.0: PCI bridge to [bus 03-03]
Dec 23 10:46:37 localhost kernel: pci 0000:00:15.0:   bridge window [io  0x4000-0x4fff]
Dec 23 10:46:37 localhost kernel: pci 0000:00:15.0:   bridge window [mem 0xfd400000-0xfd4fffff]
Dec 23 10:46:37 localhost kernel: pci 0000:00:15.0:   bridge window [mem 0xe7a00000-0xe7afffff 64bit pref]
Dec 23 10:46:37 localhost kernel: pci 0000:00:15.1: PCI bridge to [bus 04-04]
Dec 23 10:46:37 localhost kernel: pci 0000:00:15.1: PCI bridge to [bus 04-04]
Dec 23 10:46:37 localhost kernel: pci 0000:00:15.1:   bridge window [io  0x8000-0x8fff]
Dec 23 10:46:37 localhost kernel: pci 0000:00:15.1:   bridge window [mem 0xfd000000-0xfd0fffff]
Dec 23 10:46:37 localhost kernel: pci 0000:00:15.1:   bridge window [mem 0xe7600000-0xe76fffff 64bit pref]
Dec 23 10:46:37 localhost kernel: pci 0000:00:15.2: PCI bridge to [bus 05-05]
Dec 23 10:46:37 localhost kernel: pci 0000:00:15.2: PCI bridge to [bus 05-05]
Dec 23 10:46:37 localhost kernel: pci 0000:00:15.2:   bridge window [io  0xc000-0xcfff]
Dec 23 10:46:37 localhost kernel: pci 0000:00:15.2:   bridge window [mem 0xfcc00000-0xfccfffff]
Dec 23 10:46:37 localhost kernel: pci 0000:00:15.2:   bridge window [mem 0xe7200000-0xe72fffff 64bit pref]
Dec 23 10:46:37 localhost kernel: pci 0000:00:15.3: PCI bridge to [bus 06-06]
Dec 23 10:46:37 localhost kernel: pci 0000:00:15.3: PCI bridge to [bus 06-06]
Dec 23 10:46:37 localhost kernel: pci 0000:00:15.3:   bridge window [io  disabled]
Dec 23 10:46:37 localhost kernel: pci 0000:00:15.3:   bridge window [mem 0xfc800000-0xfc8fffff]
Dec 23 10:46:37 localhost kernel: pci 0000:00:15.3:   bridge window [mem 0xe6e00000-0xe6efffff 64bit pref]
Dec 23 10:46:37 localhost kernel: pci 0000:00:15.4: PCI bridge to [bus 07-07]
Dec 23 10:46:37 localhost kernel: pci 0000:00:15.4: PCI bridge to [bus 07-07]
Dec 23 10:46:37 localhost kernel: pci 0000:00:15.4:   bridge window [io  disabled]
Dec 23 10:46:37 localhost kernel: pci 0000:00:15.4:   bridge window [mem 0xfc400000-0xfc4fffff]
Dec 23 10:46:37 localhost kernel: pci 0000:00:15.4:   bridge window [mem 0xe6a00000-0xe6afffff 64bit pref]
Dec 23 10:46:37 localhost kernel: pci 0000:00:15.5: PCI bridge to [bus 08-08]
Dec 23 10:46:37 localhost kernel: pci 0000:00:15.5: PCI bridge to [bus 08-08]
Dec 23 10:46:37 localhost kernel: pci 0000:00:15.5:   bridge window [io  disabled]
Dec 23 10:46:37 localhost kernel: pci 0000:00:15.5:   bridge window [mem 0xfc000000-0xfc0fffff]
Dec 23 10:46:37 localhost kernel: pci 0000:00:15.5:   bridge window [mem 0xe6600000-0xe66fffff 64bit pref]
Dec 23 10:46:37 localhost kernel: pci 0000:00:15.6: PCI bridge to [bus 09-09]
Dec 23 10:46:37 localhost kernel: pci 0000:00:15.6: PCI bridge to [bus 09-09]
Dec 23 10:46:37 localhost kernel: pci 0000:00:15.6:   bridge window [io  disabled]
Dec 23 10:46:37 localhost kernel: pci 0000:00:15.6:   bridge window [mem 0xfbc00000-0xfbcfffff]
Dec 23 10:46:37 localhost kernel: pci 0000:00:15.6:   bridge window [mem 0xe6200000-0xe62fffff 64bit pref]
Dec 23 10:46:37 localhost kernel: pci 0000:00:15.7: PCI bridge to [bus 0a-0a]
Dec 23 10:46:37 localhost kernel: pci 0000:00:15.7: PCI bridge to [bus 0a-0a]
Dec 23 10:46:37 localhost kernel: pci 0000:00:15.7:   bridge window [io  disabled]
Dec 23 10:46:37 localhost kernel: pci 0000:00:15.7:   bridge window [mem 0xfb800000-0xfb8fffff]
Dec 23 10:46:37 localhost kernel: pci 0000:00:15.7:   bridge window [mem 0xe5e00000-0xe5efffff 64bit pref]
Dec 23 10:46:37 localhost kernel: pci 0000:00:16.0: PCI bridge to [bus 0b-0b]
Dec 23 10:46:37 localhost kernel: pci 0000:00:16.0: PCI bridge to [bus 0b-0b]
Dec 23 10:46:37 localhost kernel: pci 0000:00:16.0:   bridge window [io  0x5000-0x5fff]
Dec 23 10:46:37 localhost kernel: pci 0000:00:16.0:   bridge window [mem 0xfd300000-0xfd3fffff]
Dec 23 10:46:37 localhost kernel: pci 0000:00:16.0:   bridge window [mem 0xe7900000-0xe79fffff 64bit pref]
Dec 23 10:46:37 localhost kernel: pci 0000:00:16.1: PCI bridge to [bus 0c-0c]
Dec 23 10:46:37 localhost kernel: pci 0000:00:16.1: PCI bridge to [bus 0c-0c]
Dec 23 10:46:37 localhost kernel: pci 0000:00:16.1:   bridge window [io  0x9000-0x9fff]
Dec 23 10:46:37 localhost kernel: pci 0000:00:16.1:   bridge window [mem 0xfcf00000-0xfcffffff]
Dec 23 10:46:37 localhost kernel: pci 0000:00:16.1:   bridge window [mem 0xe7500000-0xe75fffff 64bit pref]
Dec 23 10:46:37 localhost kernel: pci 0000:00:16.2: PCI bridge to [bus 0d-0d]
Dec 23 10:46:37 localhost kernel: pci 0000:00:16.2: PCI bridge to [bus 0d-0d]
Dec 23 10:46:37 localhost kernel: pci 0000:00:16.2:   bridge window [io  0xd000-0xdfff]
Dec 23 10:46:37 localhost kernel: pci 0000:00:16.2:   bridge window [mem 0xfcb00000-0xfcbfffff]
Dec 23 10:46:37 localhost kernel: pci 0000:00:16.2:   bridge window [mem 0xe7100000-0xe71fffff 64bit pref]
Dec 23 10:46:37 localhost kernel: pci 0000:00:16.3: PCI bridge to [bus 0e-0e]
Dec 23 10:46:37 localhost kernel: pci 0000:00:16.3: PCI bridge to [bus 0e-0e]
Dec 23 10:46:37 localhost kernel: pci 0000:00:16.3:   bridge window [io  disabled]
Dec 23 10:46:37 localhost kernel: pci 0000:00:16.3:   bridge window [mem 0xfc700000-0xfc7fffff]
Dec 23 10:46:37 localhost kernel: pci 0000:00:16.3:   bridge window [mem 0xe6d00000-0xe6dfffff 64bit pref]
Dec 23 10:46:37 localhost kernel: pci 0000:00:16.4: PCI bridge to [bus 0f-0f]
Dec 23 10:46:37 localhost kernel: pci 0000:00:16.4: PCI bridge to [bus 0f-0f]
Dec 23 10:46:37 localhost kernel: pci 0000:00:16.4:   bridge window [io  disabled]
Dec 23 10:46:37 localhost kernel: pci 0000:00:16.4:   bridge window [mem 0xfc300000-0xfc3fffff]
Dec 23 10:46:37 localhost kernel: pci 0000:00:16.4:   bridge window [mem 0xe6900000-0xe69fffff 64bit pref]
Dec 23 10:46:37 localhost kernel: pci 0000:00:16.5: PCI bridge to [bus 10-10]
Dec 23 10:46:37 localhost kernel: pci 0000:00:16.5: PCI bridge to [bus 10-10]
Dec 23 10:46:37 localhost kernel: pci 0000:00:16.5:   bridge window [io  disabled]
Dec 23 10:46:37 localhost kernel: pci 0000:00:16.5:   bridge window [mem 0xfbf00000-0xfbffffff]
Dec 23 10:46:37 localhost kernel: pci 0000:00:16.5:   bridge window [mem 0xe6500000-0xe65fffff 64bit pref]
Dec 23 10:46:37 localhost kernel: pci 0000:00:16.6: PCI bridge to [bus 11-11]
Dec 23 10:46:37 localhost kernel: pci 0000:00:16.6: PCI bridge to [bus 11-11]
Dec 23 10:46:37 localhost kernel: pci 0000:00:16.6:   bridge window [io  disabled]
Dec 23 10:46:37 localhost kernel: pci 0000:00:16.6:   bridge window [mem 0xfbb00000-0xfbbfffff]
Dec 23 10:46:37 localhost kernel: pci 0000:00:16.6:   bridge window [mem 0xe6100000-0xe61fffff 64bit pref]
Dec 23 10:46:37 localhost kernel: pci 0000:00:16.7: PCI bridge to [bus 12-12]
Dec 23 10:46:37 localhost kernel: pci 0000:00:16.7: PCI bridge to [bus 12-12]
Dec 23 10:46:37 localhost kernel: pci 0000:00:16.7:   bridge window [io  disabled]
Dec 23 10:46:37 localhost kernel: pci 0000:00:16.7:   bridge window [mem 0xfb700000-0xfb7fffff]
Dec 23 10:46:37 localhost kernel: pci 0000:00:16.7:   bridge window [mem 0xe5d00000-0xe5dfffff 64bit pref]
Dec 23 10:46:37 localhost kernel: pci 0000:00:17.0: PCI bridge to [bus 13-13]
Dec 23 10:46:37 localhost kernel: pci 0000:00:17.0: PCI bridge to [bus 13-13]
Dec 23 10:46:37 localhost kernel: pci 0000:00:17.0:   bridge window [io  0x6000-0x6fff]
Dec 23 10:46:37 localhost kernel: pci 0000:00:17.0:   bridge window [mem 0xfd200000-0xfd2fffff]
Dec 23 10:46:37 localhost kernel: pci 0000:00:17.0:   bridge window [mem 0xe7800000-0xe78fffff 64bit pref]
Dec 23 10:46:37 localhost kernel: pci 0000:00:17.1: PCI bridge to [bus 14-14]
Dec 23 10:46:37 localhost kernel: pci 0000:00:17.1: PCI bridge to [bus 14-14]
Dec 23 10:46:37 localhost kernel: pci 0000:00:17.1:   bridge window [io  0xa000-0xafff]
Dec 23 10:46:37 localhost kernel: pci 0000:00:17.1:   bridge window [mem 0xfce00000-0xfcefffff]
Dec 23 10:46:37 localhost kernel: pci 0000:00:17.1:   bridge window [mem 0xe7400000-0xe74fffff 64bit pref]
Dec 23 10:46:37 localhost kernel: pci 0000:00:17.2: PCI bridge to [bus 15-15]
Dec 23 10:46:37 localhost kernel: pci 0000:00:17.2: PCI bridge to [bus 15-15]
Dec 23 10:46:37 localhost kernel: pci 0000:00:17.2:   bridge window [io  0xe000-0xefff]
Dec 23 10:46:37 localhost kernel: pci 0000:00:17.2:   bridge window [mem 0xfca00000-0xfcafffff]
Dec 23 10:46:37 localhost kernel: pci 0000:00:17.2:   bridge window [mem 0xe7000000-0xe70fffff 64bit pref]
Dec 23 10:46:37 localhost kernel: pci 0000:00:17.3: PCI bridge to [bus 16-16]
Dec 23 10:46:37 localhost kernel: pci 0000:00:17.3: PCI bridge to [bus 16-16]
Dec 23 10:46:37 localhost kernel: pci 0000:00:17.3:   bridge window [io  disabled]
Dec 23 10:46:37 localhost kernel: pci 0000:00:17.3:   bridge window [mem 0xfc600000-0xfc6fffff]
Dec 23 10:46:37 localhost kernel: pci 0000:00:17.3:   bridge window [mem 0xe6c00000-0xe6cfffff 64bit pref]
Dec 23 10:46:37 localhost kernel: pci 0000:00:17.4: PCI bridge to [bus 17-17]
Dec 23 10:46:37 localhost kernel: pci 0000:00:17.4: PCI bridge to [bus 17-17]
Dec 23 10:46:37 localhost kernel: pci 0000:00:17.4:   bridge window [io  disabled]
Dec 23 10:46:37 localhost kernel: pci 0000:00:17.4:   bridge window [mem 0xfc200000-0xfc2fffff]
Dec 23 10:46:37 localhost kernel: pci 0000:00:17.4:   bridge window [mem 0xe6800000-0xe68fffff 64bit pref]
Dec 23 10:46:37 localhost kernel: pci 0000:00:17.5: PCI bridge to [bus 18-18]
Dec 23 10:46:37 localhost kernel: pci 0000:00:17.5: PCI bridge to [bus 18-18]
Dec 23 10:46:37 localhost kernel: pci 0000:00:17.5:   bridge window [io  disabled]
Dec 23 10:46:37 localhost kernel: pci 0000:00:17.5:   bridge window [mem 0xfbe00000-0xfbefffff]
Dec 23 10:46:37 localhost kernel: pci 0000:00:17.5:   bridge window [mem 0xe6400000-0xe64fffff 64bit pref]
Dec 23 10:46:37 localhost kernel: pci 0000:00:17.6: PCI bridge to [bus 19-19]
Dec 23 10:46:37 localhost kernel: pci 0000:00:17.6: PCI bridge to [bus 19-19]
Dec 23 10:46:37 localhost kernel: pci 0000:00:17.6:   bridge window [io  disabled]
Dec 23 10:46:37 localhost kernel: pci 0000:00:17.6:   bridge window [mem 0xfba00000-0xfbafffff]
Dec 23 10:46:37 localhost kernel: pci 0000:00:17.6:   bridge window [mem 0xe6000000-0xe60fffff 64bit pref]
Dec 23 10:46:37 localhost kernel: pci 0000:00:17.7: PCI bridge to [bus 1a-1a]
Dec 23 10:46:37 localhost kernel: pci 0000:00:17.7: PCI bridge to [bus 1a-1a]
Dec 23 10:46:37 localhost kernel: pci 0000:00:17.7:   bridge window [io  disabled]
Dec 23 10:46:37 localhost kernel: pci 0000:00:17.7:   bridge window [mem 0xfb600000-0xfb6fffff]
Dec 23 10:46:37 localhost kernel: pci 0000:00:17.7:   bridge window [mem 0xe5c00000-0xe5cfffff 64bit pref]
Dec 23 10:46:37 localhost kernel: pci 0000:00:18.0: PCI bridge to [bus 1b-1b]
Dec 23 10:46:37 localhost kernel: pci 0000:00:18.0: PCI bridge to [bus 1b-1b]
Dec 23 10:46:37 localhost kernel: pci 0000:00:18.0:   bridge window [io  0x7000-0x7fff]
Dec 23 10:46:37 localhost kernel: pci 0000:00:18.0:   bridge window [mem 0xfd100000-0xfd1fffff]
Dec 23 10:46:37 localhost kernel: pci 0000:00:18.0:   bridge window [mem 0xe7700000-0xe77fffff 64bit pref]
Dec 23 10:46:37 localhost kernel: pci 0000:00:18.1: PCI bridge to [bus 1c-1c]
Dec 23 10:46:37 localhost kernel: pci 0000:00:18.1: PCI bridge to [bus 1c-1c]
Dec 23 10:46:37 localhost kernel: pci 0000:00:18.1:   bridge window [io  0xb000-0xbfff]
Dec 23 10:46:37 localhost kernel: pci 0000:00:18.1:   bridge window [mem 0xfcd00000-0xfcdfffff]
Dec 23 10:46:37 localhost kernel: pci 0000:00:18.1:   bridge window [mem 0xe7300000-0xe73fffff 64bit pref]
Dec 23 10:46:37 localhost kernel: pci 0000:00:18.2: PCI bridge to [bus 1d-1d]
Dec 23 10:46:37 localhost kernel: pci 0000:00:18.2: PCI bridge to [bus 1d-1d]
Dec 23 10:46:37 localhost kernel: pci 0000:00:18.2:   bridge window [io  disabled]
Dec 23 10:46:37 localhost kernel: pci 0000:00:18.2:   bridge window [mem 0xfc900000-0xfc9fffff]
Dec 23 10:46:37 localhost kernel: pci 0000:00:18.2:   bridge window [mem 0xe6f00000-0xe6ffffff 64bit pref]
Dec 23 10:46:37 localhost kernel: pci 0000:00:18.3: PCI bridge to [bus 1e-1e]
Dec 23 10:46:37 localhost kernel: pci 0000:00:18.3: PCI bridge to [bus 1e-1e]
Dec 23 10:46:37 localhost kernel: pci 0000:00:18.3:   bridge window [io  disabled]
Dec 23 10:46:37 localhost kernel: pci 0000:00:18.3:   bridge window [mem 0xfc500000-0xfc5fffff]
Dec 23 10:46:37 localhost kernel: pci 0000:00:18.3:   bridge window [mem 0xe6b00000-0xe6bfffff 64bit pref]
Dec 23 10:46:37 localhost kernel: pci 0000:00:18.4: PCI bridge to [bus 1f-1f]
Dec 23 10:46:37 localhost kernel: pci 0000:00:18.4: PCI bridge to [bus 1f-1f]
Dec 23 10:46:37 localhost kernel: pci 0000:00:18.4:   bridge window [io  disabled]
Dec 23 10:46:37 localhost kernel: pci 0000:00:18.4:   bridge window [mem 0xfc100000-0xfc1fffff]
Dec 23 10:46:37 localhost kernel: pci 0000:00:18.4:   bridge window [mem 0xe6700000-0xe67fffff 64bit pref]
Dec 23 10:46:37 localhost kernel: pci 0000:00:18.5: PCI bridge to [bus 20-20]
Dec 23 10:46:37 localhost kernel: pci 0000:00:18.5: PCI bridge to [bus 20-20]
Dec 23 10:46:37 localhost kernel: pci 0000:00:18.5:   bridge window [io  disabled]
Dec 23 10:46:37 localhost kernel: pci 0000:00:18.5:   bridge window [mem 0xfbd00000-0xfbdfffff]
Dec 23 10:46:37 localhost kernel: pci 0000:00:18.5:   bridge window [mem 0xe6300000-0xe63fffff 64bit pref]
Dec 23 10:46:37 localhost kernel: pci 0000:00:18.6: PCI bridge to [bus 21-21]
Dec 23 10:46:37 localhost kernel: pci 0000:00:18.6: PCI bridge to [bus 21-21]
Dec 23 10:46:37 localhost kernel: pci 0000:00:18.6:   bridge window [io  disabled]
Dec 23 10:46:37 localhost kernel: pci 0000:00:18.6:   bridge window [mem 0xfb900000-0xfb9fffff]
Dec 23 10:46:37 localhost kernel: pci 0000:00:18.6:   bridge window [mem 0xe5f00000-0xe5ffffff 64bit pref]
Dec 23 10:46:37 localhost kernel: pci 0000:00:18.7: PCI bridge to [bus 22-22]
Dec 23 10:46:37 localhost kernel: pci 0000:00:18.7: PCI bridge to [bus 22-22]
Dec 23 10:46:37 localhost kernel: pci 0000:00:18.7:   bridge window [io  disabled]
Dec 23 10:46:37 localhost kernel: pci 0000:00:18.7:   bridge window [mem 0xfb500000-0xfb5fffff]
Dec 23 10:46:37 localhost kernel: pci 0000:00:18.7:   bridge window [mem 0xe5b00000-0xe5bfffff 64bit pref]
Dec 23 10:46:37 localhost kernel: NET: Registered protocol family 2
Dec 23 10:46:37 localhost kernel: IP route cache hash table entries: 65536 (order: 7, 524288 bytes)
Dec 23 10:46:37 localhost kernel: TCP established hash table entries: 262144 (order: 10, 4194304 bytes)
Dec 23 10:46:37 localhost kernel: TCP bind hash table entries: 65536 (order: 8, 1048576 bytes)
Dec 23 10:46:37 localhost kernel: TCP: Hash tables configured (established 262144 bind 65536)
Dec 23 10:46:37 localhost kernel: TCP reno registered
Dec 23 10:46:37 localhost kernel: NET: Registered protocol family 1
Dec 23 10:46:37 localhost kernel: pci 0000:00:00.0: Limiting direct PCI/PCI transfers
Dec 23 10:46:37 localhost kernel: Trying to unpack rootfs image as initramfs...
Dec 23 10:46:37 localhost kernel: Freeing initrd memory: 15168k freed
Dec 23 10:46:37 localhost kernel: Simple Boot Flag at 0x36 set to 0x80
Dec 23 10:46:37 localhost kernel: audit: initializing netlink socket (disabled)
Dec 23 10:46:37 localhost kernel: type=2000 audit(1450867565.659:1): initialized
Dec 23 10:46:37 localhost kernel: HugeTLB registered 2 MB page size, pre-allocated 0 pages
Dec 23 10:46:37 localhost kernel: VFS: Disk quotas dquot_6.5.2
Dec 23 10:46:37 localhost kernel: Dquot-cache hash table entries: 512 (order 0, 4096 bytes)
Dec 23 10:46:37 localhost kernel: msgmni has been set to 3732
Dec 23 10:46:37 localhost kernel: alg: No test for stdrng (krng)
Dec 23 10:46:37 localhost kernel: ksign: Installing public key data
Dec 23 10:46:37 localhost kernel: Loading keyring
Dec 23 10:46:37 localhost kernel: - Added public key DB6BC3CB5AEBCDD6
Dec 23 10:46:37 localhost kernel: - User ID: Red Hat, Inc. (Kernel Module GPG key)
Dec 23 10:46:37 localhost kernel: - Added public key D4A26C9CCD09BEDA
Dec 23 10:46:37 localhost kernel: - User ID: Red Hat Enterprise Linux Driver Update Program <secalert@redhat.com>
Dec 23 10:46:37 localhost kernel: Block layer SCSI generic (bsg) driver version 0.4 loaded (major 251)
Dec 23 10:46:37 localhost kernel: io scheduler noop registered
Dec 23 10:46:37 localhost kernel: io scheduler anticipatory registered
Dec 23 10:46:37 localhost kernel: io scheduler deadline registered
Dec 23 10:46:37 localhost kernel: io scheduler cfq registered (default)
Dec 23 10:46:37 localhost kernel: pci_hotplug: PCI Hot Plug PCI Core version: 0.5
Dec 23 10:46:37 localhost kernel: pciehp 0000:00:15.0:pcie04: HPC vendor_id 15ad device_id 7a0 ss_vid 0 ss_did 0
Dec 23 10:46:37 localhost kernel: pciehp 0000:00:15.1:pcie04: HPC vendor_id 15ad device_id 7a0 ss_vid 0 ss_did 0
Dec 23 10:46:37 localhost kernel: pciehp 0000:00:15.2:pcie04: HPC vendor_id 15ad device_id 7a0 ss_vid 0 ss_did 0
Dec 23 10:46:37 localhost kernel: pciehp 0000:00:15.3:pcie04: HPC vendor_id 15ad device_id 7a0 ss_vid 0 ss_did 0
Dec 23 10:46:37 localhost kernel: pciehp 0000:00:15.4:pcie04: HPC vendor_id 15ad device_id 7a0 ss_vid 0 ss_did 0
Dec 23 10:46:37 localhost kernel: pciehp 0000:00:15.5:pcie04: HPC vendor_id 15ad device_id 7a0 ss_vid 0 ss_did 0
Dec 23 10:46:37 localhost kernel: pciehp 0000:00:15.6:pcie04: HPC vendor_id 15ad device_id 7a0 ss_vid 0 ss_did 0
Dec 23 10:46:37 localhost kernel: pciehp 0000:00:15.7:pcie04: HPC vendor_id 15ad device_id 7a0 ss_vid 0 ss_did 0
Dec 23 10:46:37 localhost kernel: pciehp 0000:00:16.0:pcie04: HPC vendor_id 15ad device_id 7a0 ss_vid 0 ss_did 0
Dec 23 10:46:37 localhost kernel: pciehp 0000:00:16.1:pcie04: HPC vendor_id 15ad device_id 7a0 ss_vid 0 ss_did 0
Dec 23 10:46:37 localhost kernel: pciehp 0000:00:16.2:pcie04: HPC vendor_id 15ad device_id 7a0 ss_vid 0 ss_did 0
Dec 23 10:46:37 localhost kernel: pciehp 0000:00:16.3:pcie04: HPC vendor_id 15ad device_id 7a0 ss_vid 0 ss_did 0
Dec 23 10:46:37 localhost kernel: pciehp 0000:00:16.4:pcie04: HPC vendor_id 15ad device_id 7a0 ss_vid 0 ss_did 0
Dec 23 10:46:37 localhost kernel: pciehp 0000:00:16.5:pcie04: HPC vendor_id 15ad device_id 7a0 ss_vid 0 ss_did 0
Dec 23 10:46:37 localhost kernel: pciehp 0000:00:16.6:pcie04: HPC vendor_id 15ad device_id 7a0 ss_vid 0 ss_did 0
Dec 23 10:46:37 localhost kernel: pciehp 0000:00:16.7:pcie04: HPC vendor_id 15ad device_id 7a0 ss_vid 0 ss_did 0
Dec 23 10:46:37 localhost kernel: pciehp 0000:00:17.0:pcie04: HPC vendor_id 15ad device_id 7a0 ss_vid 0 ss_did 0
Dec 23 10:46:37 localhost kernel: pciehp 0000:00:17.1:pcie04: HPC vendor_id 15ad device_id 7a0 ss_vid 0 ss_did 0
Dec 23 10:46:37 localhost kernel: pciehp 0000:00:17.2:pcie04: HPC vendor_id 15ad device_id 7a0 ss_vid 0 ss_did 0
Dec 23 10:46:37 localhost kernel: pciehp 0000:00:17.3:pcie04: HPC vendor_id 15ad device_id 7a0 ss_vid 0 ss_did 0
Dec 23 10:46:37 localhost kernel: pciehp 0000:00:17.4:pcie04: HPC vendor_id 15ad device_id 7a0 ss_vid 0 ss_did 0
Dec 23 10:46:37 localhost kernel: pciehp 0000:00:17.5:pcie04: HPC vendor_id 15ad device_id 7a0 ss_vid 0 ss_did 0
Dec 23 10:46:37 localhost kernel: pciehp 0000:00:17.6:pcie04: HPC vendor_id 15ad device_id 7a0 ss_vid 0 ss_did 0
Dec 23 10:46:37 localhost kernel: pciehp 0000:00:17.7:pcie04: HPC vendor_id 15ad device_id 7a0 ss_vid 0 ss_did 0
Dec 23 10:46:37 localhost kernel: pciehp 0000:00:18.0:pcie04: HPC vendor_id 15ad device_id 7a0 ss_vid 0 ss_did 0
Dec 23 10:46:37 localhost kernel: pciehp 0000:00:18.1:pcie04: HPC vendor_id 15ad device_id 7a0 ss_vid 0 ss_did 0
Dec 23 10:46:37 localhost kernel: pciehp 0000:00:18.2:pcie04: HPC vendor_id 15ad device_id 7a0 ss_vid 0 ss_did 0
Dec 23 10:46:37 localhost kernel: pciehp 0000:00:18.3:pcie04: HPC vendor_id 15ad device_id 7a0 ss_vid 0 ss_did 0
Dec 23 10:46:37 localhost kernel: pciehp 0000:00:18.4:pcie04: HPC vendor_id 15ad device_id 7a0 ss_vid 0 ss_did 0
Dec 23 10:46:37 localhost kernel: pciehp 0000:00:18.5:pcie04: HPC vendor_id 15ad device_id 7a0 ss_vid 0 ss_did 0
Dec 23 10:46:37 localhost kernel: pciehp 0000:00:18.6:pcie04: HPC vendor_id 15ad device_id 7a0 ss_vid 0 ss_did 0
Dec 23 10:46:37 localhost kernel: pciehp 0000:00:18.7:pcie04: HPC vendor_id 15ad device_id 7a0 ss_vid 0 ss_did 0
Dec 23 10:46:37 localhost kernel: pciehp: PCI Express Hot Plug Controller Driver version: 0.4
Dec 23 10:46:37 localhost kernel: acpiphp: ACPI Hot Plug PCI Controller Driver version: 0.5
Dec 23 10:46:37 localhost kernel: acpiphp: Slot [32] registered
Dec 23 10:46:37 localhost kernel: acpiphp: Slot [33] registered
Dec 23 10:46:37 localhost kernel: acpiphp: Slot [34] registered
Dec 23 10:46:37 localhost kernel: acpiphp: Slot [35] registered
Dec 23 10:46:37 localhost kernel: acpiphp: Slot [36] registered
Dec 23 10:46:37 localhost kernel: acpiphp: Slot [37] registered
Dec 23 10:46:37 localhost kernel: acpiphp: Slot [38] registered
Dec 23 10:46:37 localhost kernel: acpiphp: Slot [39] registered
Dec 23 10:46:37 localhost kernel: acpiphp: Slot [40] registered
Dec 23 10:46:37 localhost kernel: acpiphp: Slot [41] registered
Dec 23 10:46:37 localhost kernel: acpiphp: Slot [42] registered
Dec 23 10:46:37 localhost kernel: acpiphp: Slot [43] registered
Dec 23 10:46:37 localhost kernel: acpiphp: Slot [44] registered
Dec 23 10:46:37 localhost kernel: acpiphp: Slot [45] registered
Dec 23 10:46:37 localhost kernel: acpiphp: Slot [46] registered
Dec 23 10:46:37 localhost kernel: acpiphp: Slot [47] registered
Dec 23 10:46:37 localhost kernel: acpiphp: Slot [48] registered
Dec 23 10:46:37 localhost kernel: acpiphp: Slot [49] registered
Dec 23 10:46:37 localhost kernel: acpiphp: Slot [50] registered
Dec 23 10:46:37 localhost kernel: acpiphp: Slot [51] registered
Dec 23 10:46:37 localhost kernel: acpiphp: Slot [52] registered
Dec 23 10:46:37 localhost kernel: acpiphp: Slot [53] registered
Dec 23 10:46:37 localhost kernel: acpiphp: Slot [54] registered
Dec 23 10:46:37 localhost kernel: acpiphp: Slot [55] registered
Dec 23 10:46:37 localhost kernel: acpiphp: Slot [56] registered
Dec 23 10:46:37 localhost kernel: acpiphp: Slot [57] registered
Dec 23 10:46:37 localhost kernel: acpiphp: Slot [58] registered
Dec 23 10:46:37 localhost kernel: acpiphp: Slot [59] registered
Dec 23 10:46:37 localhost kernel: acpiphp: Slot [60] registered
Dec 23 10:46:37 localhost kernel: acpiphp: Slot [61] registered
Dec 23 10:46:37 localhost kernel: acpiphp: Slot [62] registered
Dec 23 10:46:37 localhost kernel: acpiphp: Slot [63] registered
Dec 23 10:46:37 localhost kernel: acpiphp_glue: Slot 160 already registered by another hotplug driver
Dec 23 10:46:37 localhost kernel: acpiphp_glue: Slot 192 already registered by another hotplug driver
Dec 23 10:46:37 localhost kernel: acpiphp_glue: Slot 224 already registered by another hotplug driver
Dec 23 10:46:37 localhost kernel: acpiphp_glue: Slot 256 already registered by another hotplug driver
Dec 23 10:46:37 localhost kernel: acpiphp_glue: Slot 161 already registered by another hotplug driver
Dec 23 10:46:37 localhost kernel: acpiphp_glue: Slot 162 already registered by another hotplug driver
Dec 23 10:46:37 localhost kernel: acpiphp_glue: Slot 163 already registered by another hotplug driver
Dec 23 10:46:37 localhost kernel: acpiphp_glue: Slot 164 already registered by another hotplug driver
Dec 23 10:46:37 localhost kernel: acpiphp_glue: Slot 165 already registered by another hotplug driver
Dec 23 10:46:37 localhost kernel: acpiphp_glue: Slot 166 already registered by another hotplug driver
Dec 23 10:46:37 localhost kernel: acpiphp_glue: Slot 167 already registered by another hotplug driver
Dec 23 10:46:37 localhost kernel: acpiphp_glue: Slot 193 already registered by another hotplug driver
Dec 23 10:46:37 localhost kernel: acpiphp_glue: Slot 194 already registered by another hotplug driver
Dec 23 10:46:37 localhost kernel: acpiphp_glue: Slot 195 already registered by another hotplug driver
Dec 23 10:46:37 localhost kernel: acpiphp_glue: Slot 196 already registered by another hotplug driver
Dec 23 10:46:37 localhost kernel: acpiphp_glue: Slot 197 already registered by another hotplug driver
Dec 23 10:46:37 localhost kernel: acpiphp_glue: Slot 198 already registered by another hotplug driver
Dec 23 10:46:37 localhost kernel: acpiphp_glue: Slot 199 already registered by another hotplug driver
Dec 23 10:46:37 localhost kernel: acpiphp_glue: Slot 225 already registered by another hotplug driver
Dec 23 10:46:37 localhost kernel: acpiphp_glue: Slot 226 already registered by another hotplug driver
Dec 23 10:46:37 localhost kernel: acpiphp_glue: Slot 227 already registered by another hotplug driver
Dec 23 10:46:37 localhost kernel: acpiphp_glue: Slot 228 already registered by another hotplug driver
Dec 23 10:46:37 localhost kernel: acpiphp_glue: Slot 229 already registered by another hotplug driver
Dec 23 10:46:37 localhost kernel: acpiphp_glue: Slot 230 already registered by another hotplug driver
Dec 23 10:46:37 localhost kernel: acpiphp_glue: Slot 231 already registered by another hotplug driver
Dec 23 10:46:37 localhost kernel: acpiphp_glue: Slot 257 already registered by another hotplug driver
Dec 23 10:46:37 localhost kernel: acpiphp_glue: Slot 258 already registered by another hotplug driver
Dec 23 10:46:37 localhost kernel: acpiphp_glue: Slot 259 already registered by another hotplug driver
Dec 23 10:46:37 localhost kernel: acpiphp_glue: Slot 260 already registered by another hotplug driver
Dec 23 10:46:37 localhost kernel: acpiphp_glue: Slot 261 already registered by another hotplug driver
Dec 23 10:46:37 localhost kernel: acpiphp_glue: Slot 262 already registered by another hotplug driver
Dec 23 10:46:37 localhost kernel: acpiphp_glue: Slot 263 already registered by another hotplug driver
Dec 23 10:46:37 localhost kernel: ipmi message handler version 39.2
Dec 23 10:46:37 localhost kernel: IPMI System Interface driver.
Dec 23 10:46:37 localhost kernel: ipmi_si: Adding default-specified kcs state machine
Dec 23 10:46:37 localhost kernel: ipmi_si: Trying default-specified kcs state machine at i/o address 0xca2, slave address 0x0, irq 0
Dec 23 10:46:37 localhost kernel: ipmi_si: Interface detection failed
Dec 23 10:46:37 localhost kernel: ipmi_si: Adding default-specified smic state machine
Dec 23 10:46:37 localhost kernel: ipmi_si: Trying default-specified smic state machine at i/o address 0xca9, slave address 0x0, irq 0
Dec 23 10:46:37 localhost kernel: ipmi_si: Interface detection failed
Dec 23 10:46:37 localhost kernel: ipmi_si: Adding default-specified bt state machine
Dec 23 10:46:37 localhost kernel: ipmi_si: Trying default-specified bt state machine at i/o address 0xe4, slave address 0x0, irq 0
Dec 23 10:46:37 localhost kernel: ipmi_si: Interface detection failed
Dec 23 10:46:37 localhost kernel: ipmi_si: Unable to find any System Interface(s)
Dec 23 10:46:37 localhost kernel: ACPI: AC Adapter [ACAD] (on-line)
Dec 23 10:46:37 localhost kernel: input: Power Button as /devices/LNXSYSTM:00/LNXPWRBN:00/input/input0
Dec 23 10:46:37 localhost kernel: ACPI: Power Button [PWRF]
Dec 23 10:46:37 localhost kernel: ERST: Table is not found!
Dec 23 10:46:37 localhost kernel: GHES: HEST is not enabled!
Dec 23 10:46:37 localhost kernel: Non-volatile memory driver v1.3
Dec 23 10:46:37 localhost kernel: Linux agpgart interface v0.103
Dec 23 10:46:37 localhost kernel: agpgart-intel 0000:00:00.0: Intel 440BX Chipset
Dec 23 10:46:37 localhost kernel: agpgart-intel 0000:00:00.0: AGP aperture is 256M @ 0x0
Dec 23 10:46:37 localhost kernel: crash memory driver: version 1.1
Dec 23 10:46:37 localhost kernel: Serial: 8250/16550 driver, 4 ports, IRQ sharing enabled
Dec 23 10:46:37 localhost kernel: serial8250: ttyS0 at I/O 0x3f8 (irq = 4) is a 16550A
Dec 23 10:46:37 localhost kernel: Refined TSC clocksource calibration: 2128.298 MHz.
Dec 23 10:46:37 localhost kernel: Switching to clocksource tsc
Dec 23 10:46:37 localhost kernel: serial8250: ttyS1 at I/O 0x2f8 (irq = 3) is a 16550A
Dec 23 10:46:37 localhost kernel: 00:0a: ttyS0 at I/O 0x3f8 (irq = 4) is a 16550A
Dec 23 10:46:37 localhost kernel: 00:0b: ttyS1 at I/O 0x2f8 (irq = 3) is a 16550A
Dec 23 10:46:37 localhost kernel: brd: module loaded
Dec 23 10:46:37 localhost kernel: loop: module loaded
Dec 23 10:46:37 localhost kernel: input: Macintosh mouse button emulation as /devices/virtual/input/input1
Dec 23 10:46:37 localhost kernel: Fixed MDIO Bus: probed
Dec 23 10:46:37 localhost kernel: ehci_hcd: USB 2.0 'Enhanced' Host Controller (EHCI) Driver
Dec 23 10:46:37 localhost kernel: ohci_hcd: USB 1.1 'Open' Host Controller (OHCI) Driver
Dec 23 10:46:37 localhost kernel: uhci_hcd: USB Universal Host Controller Interface driver
Dec 23 10:46:37 localhost kernel: PNP: PS/2 Controller [PNP0303:KBC,PNP0f13:MOUS] at 0x60,0x64 irq 1,12
Dec 23 10:46:37 localhost kernel: serio: i8042 KBD port at 0x60,0x64 irq 1
Dec 23 10:46:37 localhost kernel: serio: i8042 AUX port at 0x60,0x64 irq 12
Dec 23 10:46:37 localhost kernel: mice: PS/2 mouse device common for all mice
Dec 23 10:46:37 localhost kernel: rtc_cmos 00:04: rtc core: registered rtc_cmos as rtc0
Dec 23 10:46:37 localhost kernel: rtc0: alarms up to one month, y3k, 114 bytes nvram, hpet irqs
Dec 23 10:46:37 localhost kernel: cpuidle: using governor ladder
Dec 23 10:46:37 localhost kernel: cpuidle: using governor menu
Dec 23 10:46:37 localhost kernel: EFI Variables Facility v0.08 2004-May-17
Dec 23 10:46:37 localhost kernel: usbcore: registered new interface driver hiddev
Dec 23 10:46:37 localhost kernel: usbcore: registered new interface driver usbhid
Dec 23 10:46:37 localhost kernel: usbhid: v2.6:USB HID core driver
Dec 23 10:46:37 localhost kernel: TCP cubic registered
Dec 23 10:46:37 localhost kernel: Initializing XFRM netlink socket
Dec 23 10:46:37 localhost kernel: NET: Registered protocol family 17
Dec 23 10:46:37 localhost kernel: input: AT Translated Set 2 keyboard as /devices/platform/i8042/serio0/input/input2
Dec 23 10:46:37 localhost kernel: registered taskstats version 1
Dec 23 10:46:37 localhost kernel: input: ImPS/2 Generic Wheel Mouse as /devices/platform/i8042/serio1/input/input3
Dec 23 10:46:37 localhost kernel: rtc_cmos 00:04: setting system clock to 2015-12-23 10:46:07 UTC (1450867567)
Dec 23 10:46:37 localhost kernel: Initalizing network drop monitor service
Dec 23 10:46:37 localhost kernel: Freeing unused kernel memory: 1264k freed
Dec 23 10:46:37 localhost kernel: Write protecting the kernel read-only data: 10240k
Dec 23 10:46:37 localhost kernel: Freeing unused kernel memory: 904k freed
Dec 23 10:46:37 localhost kernel: Freeing unused kernel memory: 1676k freed
Dec 23 10:46:37 localhost kernel: dracut: dracut-004-303.el6
Dec 23 10:46:37 localhost kernel: device-mapper: uevent: version 1.0.3
Dec 23 10:46:37 localhost kernel: device-mapper: ioctl: 4.23.6-ioctl (2012-07-25) initialised: dm-devel@redhat.com
Dec 23 10:46:37 localhost kernel: udev: starting version 147
Dec 23 10:46:37 localhost kernel: dracut: Starting plymouth daemon
Dec 23 10:46:37 localhost kernel: scsi0 : ata_piix
Dec 23 10:46:37 localhost kernel: scsi1 : ata_piix
Dec 23 10:46:37 localhost kernel: ata1: PATA max UDMA/33 cmd 0x1f0 ctl 0x3f6 bmdma 0x1060 irq 14
Dec 23 10:46:37 localhost kernel: ata2: PATA max UDMA/33 cmd 0x170 ctl 0x376 bmdma 0x1068 irq 15
Dec 23 10:46:37 localhost kernel: Fusion MPT base driver 3.04.20
Dec 23 10:46:37 localhost kernel: Copyright (c) 1999-2008 LSI Corporation
Dec 23 10:46:37 localhost kernel: Fusion MPT SPI Host driver 3.04.20
Dec 23 10:46:37 localhost kernel: mptspi 0000:00:10.0: PCI INT A -> GSI 17 (level, low) -> IRQ 17
Dec 23 10:46:37 localhost kernel: mptbase: ioc0: Initiating bringup
Dec 23 10:46:37 localhost kernel: ioc0: LSI53C1030 B0: Capabilities={Initiator}
Dec 23 10:46:37 localhost kernel: scsi2 : ioc0: LSI53C1030 B0, FwRev=01032920h, Ports=1, MaxQ=128, IRQ=17
Dec 23 10:46:37 localhost kernel: scsi 2:0:0:0: Direct-Access     VMware,  VMware Virtual S 1.0  PQ: 0 ANSI: 2
Dec 23 10:46:37 localhost kernel: scsi target2:0:0: Beginning Domain Validation
Dec 23 10:46:37 localhost kernel: scsi target2:0:0: Domain Validation skipping write tests
Dec 23 10:46:37 localhost kernel: scsi target2:0:0: Ending Domain Validation
Dec 23 10:46:37 localhost kernel: scsi target2:0:0: FAST-40 WIDE SCSI 80.0 MB/s ST (25 ns, offset 127)
Dec 23 10:46:37 localhost kernel: sd 2:0:0:0: [sda] 41943040 512-byte logical blocks: (21.4 GB/20.0 GiB)
Dec 23 10:46:37 localhost kernel: sd 2:0:0:0: [sda] Write Protect is off
Dec 23 10:46:37 localhost kernel: sd 2:0:0:0: [sda] Cache data unavailable
Dec 23 10:46:37 localhost kernel: sd 2:0:0:0: [sda] Assuming drive cache: write through
Dec 23 10:46:37 localhost kernel: sd 2:0:0:0: [sda] Cache data unavailable
Dec 23 10:46:37 localhost kernel: sd 2:0:0:0: [sda] Assuming drive cache: write through
Dec 23 10:46:37 localhost kernel: sda: sda1 sda2
Dec 23 10:46:37 localhost kernel: sd 2:0:0:0: [sda] Cache data unavailable
Dec 23 10:46:37 localhost kernel: sd 2:0:0:0: [sda] Assuming drive cache: write through
Dec 23 10:46:37 localhost kernel: sd 2:0:0:0: [sda] Attached SCSI disk
Dec 23 10:46:37 localhost kernel: ahci 0000:02:02.0: PCI INT A -> GSI 16 (level, low) -> IRQ 16
Dec 23 10:46:37 localhost kernel: ahci 0000:02:02.0: AHCI 0001.0300 32 slots 30 ports 6 Gbps 0x3fffffff impl SATA mode
Dec 23 10:46:37 localhost kernel: ahci 0000:02:02.0: flags: 64bit ncq clo only 
Dec 23 10:46:37 localhost kernel: scsi3 : ahci
Dec 23 10:46:37 localhost kernel: scsi4 : ahci
Dec 23 10:46:37 localhost kernel: scsi5 : ahci
Dec 23 10:46:37 localhost kernel: scsi6 : ahci
Dec 23 10:46:37 localhost kernel: scsi7 : ahci
Dec 23 10:46:37 localhost kernel: scsi8 : ahci
Dec 23 10:46:37 localhost kernel: scsi9 : ahci
Dec 23 10:46:37 localhost kernel: scsi10 : ahci
Dec 23 10:46:37 localhost kernel: scsi11 : ahci
Dec 23 10:46:37 localhost kernel: scsi12 : ahci
Dec 23 10:46:37 localhost kernel: scsi13 : ahci
Dec 23 10:46:37 localhost kernel: scsi14 : ahci
Dec 23 10:46:37 localhost kernel: scsi15 : ahci
Dec 23 10:46:37 localhost kernel: scsi16 : ahci
Dec 23 10:46:37 localhost kernel: scsi17 : ahci
Dec 23 10:46:37 localhost kernel: scsi18 : ahci
Dec 23 10:46:37 localhost kernel: scsi19 : ahci
Dec 23 10:46:37 localhost kernel: scsi20 : ahci
Dec 23 10:46:37 localhost kernel: scsi21 : ahci
Dec 23 10:46:37 localhost kernel: scsi22 : ahci
Dec 23 10:46:37 localhost kernel: scsi23 : ahci
Dec 23 10:46:37 localhost kernel: scsi24 : ahci
Dec 23 10:46:37 localhost kernel: scsi25 : ahci
Dec 23 10:46:37 localhost kernel: scsi26 : ahci
Dec 23 10:46:37 localhost kernel: scsi27 : ahci
Dec 23 10:46:37 localhost kernel: scsi28 : ahci
Dec 23 10:46:37 localhost kernel: scsi29 : ahci
Dec 23 10:46:37 localhost kernel: scsi30 : ahci
Dec 23 10:46:37 localhost kernel: scsi31 : ahci
Dec 23 10:46:37 localhost kernel: scsi32 : ahci
Dec 23 10:46:37 localhost kernel: ata3: SATA max UDMA/133 abar m4096@0xfd5ef000 port 0xfd5ef100 irq 56
Dec 23 10:46:37 localhost kernel: ata4: SATA max UDMA/133 abar m4096@0xfd5ef000 port 0xfd5ef180 irq 56
Dec 23 10:46:37 localhost kernel: ata5: SATA max UDMA/133 abar m4096@0xfd5ef000 port 0xfd5ef200 irq 56
Dec 23 10:46:37 localhost kernel: ata6: SATA max UDMA/133 abar m4096@0xfd5ef000 port 0xfd5ef280 irq 56
Dec 23 10:46:37 localhost kernel: ata7: SATA max UDMA/133 abar m4096@0xfd5ef000 port 0xfd5ef300 irq 56
Dec 23 10:46:37 localhost kernel: ata8: SATA max UDMA/133 abar m4096@0xfd5ef000 port 0xfd5ef380 irq 56
Dec 23 10:46:37 localhost kernel: ata9: SATA max UDMA/133 abar m4096@0xfd5ef000 port 0xfd5ef400 irq 56
Dec 23 10:46:37 localhost kernel: ata10: SATA max UDMA/133 abar m4096@0xfd5ef000 port 0xfd5ef480 irq 56
Dec 23 10:46:37 localhost kernel: ata11: SATA max UDMA/133 abar m4096@0xfd5ef000 port 0xfd5ef500 irq 56
Dec 23 10:46:37 localhost kernel: ata12: SATA max UDMA/133 abar m4096@0xfd5ef000 port 0xfd5ef580 irq 56
Dec 23 10:46:37 localhost kernel: ata13: SATA max UDMA/133 abar m4096@0xfd5ef000 port 0xfd5ef600 irq 56
Dec 23 10:46:37 localhost kernel: ata14: SATA max UDMA/133 abar m4096@0xfd5ef000 port 0xfd5ef680 irq 56
Dec 23 10:46:37 localhost kernel: ata15: SATA max UDMA/133 abar m4096@0xfd5ef000 port 0xfd5ef700 irq 56
Dec 23 10:46:37 localhost kernel: ata16: SATA max UDMA/133 abar m4096@0xfd5ef000 port 0xfd5ef780 irq 56
Dec 23 10:46:37 localhost kernel: ata17: SATA max UDMA/133 abar m4096@0xfd5ef000 port 0xfd5ef800 irq 56
Dec 23 10:46:37 localhost kernel: ata18: SATA max UDMA/133 abar m4096@0xfd5ef000 port 0xfd5ef880 irq 56
Dec 23 10:46:37 localhost kernel: ata19: SATA max UDMA/133 abar m4096@0xfd5ef000 port 0xfd5ef900 irq 56
Dec 23 10:46:37 localhost kernel: ata20: SATA max UDMA/133 abar m4096@0xfd5ef000 port 0xfd5ef980 irq 56
Dec 23 10:46:37 localhost kernel: ata21: SATA max UDMA/133 abar m4096@0xfd5ef000 port 0xfd5efa00 irq 56
Dec 23 10:46:37 localhost kernel: ata22: SATA max UDMA/133 abar m4096@0xfd5ef000 port 0xfd5efa80 irq 56
Dec 23 10:46:37 localhost kernel: ata23: SATA max UDMA/133 abar m4096@0xfd5ef000 port 0xfd5efb00 irq 56
Dec 23 10:46:37 localhost kernel: ata24: SATA max UDMA/133 abar m4096@0xfd5ef000 port 0xfd5efb80 irq 56
Dec 23 10:46:37 localhost kernel: ata25: SATA max UDMA/133 abar m4096@0xfd5ef000 port 0xfd5efc00 irq 56
Dec 23 10:46:37 localhost kernel: ata26: SATA max UDMA/133 abar m4096@0xfd5ef000 port 0xfd5efc80 irq 56
Dec 23 10:46:37 localhost kernel: ata27: SATA max UDMA/133 abar m4096@0xfd5ef000 port 0xfd5efd00 irq 56
Dec 23 10:46:37 localhost kernel: ata28: SATA max UDMA/133 abar m4096@0xfd5ef000 port 0xfd5efd80 irq 56
Dec 23 10:46:37 localhost kernel: ata29: SATA max UDMA/133 abar m4096@0xfd5ef000 port 0xfd5efe00 irq 56
Dec 23 10:46:37 localhost kernel: ata30: SATA max UDMA/133 abar m4096@0xfd5ef000 port 0xfd5efe80 irq 56
Dec 23 10:46:37 localhost kernel: ata31: SATA max UDMA/133 abar m4096@0xfd5ef000 port 0xfd5eff00 irq 56
Dec 23 10:46:37 localhost kernel: ata32: SATA max UDMA/133 abar m4096@0xfd5ef000 port 0xfd5eff80 irq 56
Dec 23 10:46:37 localhost kernel: ata3: SATA link down (SStatus 0 SControl 300)
Dec 23 10:46:37 localhost kernel: ata5: SATA link down (SStatus 0 SControl 300)
Dec 23 10:46:37 localhost kernel: ata4: SATA link up 6.0 Gbps (SStatus 133 SControl 300)
Dec 23 10:46:37 localhost kernel: ata4.00: ATAPI: VMware Virtual SATA CDRW Drive, 00000001, max UDMA/33
Dec 23 10:46:37 localhost kernel: ata4.00: configured for UDMA/33
Dec 23 10:46:37 localhost kernel: ata10: SATA link down (SStatus 0 SControl 300)
Dec 23 10:46:37 localhost kernel: ata6: SATA link down (SStatus 0 SControl 300)
Dec 23 10:46:37 localhost kernel: ata8: SATA link down (SStatus 0 SControl 300)
Dec 23 10:46:37 localhost kernel: scsi 4:0:0:0: CD-ROM            NECVMWar VMware SATA CD01 1.00 PQ: 0 ANSI: 5
Dec 23 10:46:37 localhost kernel: ata9: SATA link down (SStatus 0 SControl 300)
Dec 23 10:46:37 localhost kernel: ata7: SATA link down (SStatus 0 SControl 300)
Dec 23 10:46:37 localhost kernel: ata11: SATA link down (SStatus 0 SControl 300)
Dec 23 10:46:37 localhost kernel: ata13: SATA link down (SStatus 0 SControl 300)
Dec 23 10:46:37 localhost kernel: ata19: SATA link down (SStatus 0 SControl 300)
Dec 23 10:46:37 localhost kernel: ata16: SATA link down (SStatus 0 SControl 300)
Dec 23 10:46:37 localhost kernel: ata15: SATA link down (SStatus 0 SControl 300)
Dec 23 10:46:37 localhost kernel: ata17: SATA link down (SStatus 0 SControl 300)
Dec 23 10:46:37 localhost kernel: ata12: SATA link down (SStatus 0 SControl 300)
Dec 23 10:46:37 localhost kernel: ata18: SATA link down (SStatus 0 SControl 300)
Dec 23 10:46:37 localhost kernel: ata14: SATA link down (SStatus 0 SControl 300)
Dec 23 10:46:37 localhost kernel: ata20: SATA link down (SStatus 0 SControl 300)
Dec 23 10:46:37 localhost kernel: ata22: SATA link down (SStatus 0 SControl 300)
Dec 23 10:46:37 localhost kernel: ata24: SATA link down (SStatus 0 SControl 300)
Dec 23 10:46:37 localhost kernel: ata25: SATA link down (SStatus 0 SControl 300)
Dec 23 10:46:37 localhost kernel: ata21: SATA link down (SStatus 0 SControl 300)
Dec 23 10:46:37 localhost kernel: ata23: SATA link down (SStatus 0 SControl 300)
Dec 23 10:46:37 localhost kernel: ata27: SATA link down (SStatus 0 SControl 300)
Dec 23 10:46:37 localhost kernel: ata26: SATA link down (SStatus 0 SControl 300)
Dec 23 10:46:37 localhost kernel: ata31: SATA link down (SStatus 0 SControl 300)
Dec 23 10:46:37 localhost kernel: ata29: SATA link down (SStatus 0 SControl 300)
Dec 23 10:46:37 localhost kernel: ata28: SATA link down (SStatus 0 SControl 300)
Dec 23 10:46:37 localhost kernel: ata30: SATA link down (SStatus 0 SControl 300)
Dec 23 10:46:37 localhost kernel: ata32: SATA link down (SStatus 0 SControl 300)
Dec 23 10:46:37 localhost kernel: sr0: scsi3-mmc drive: 1x/1x writer dvd-ram cd/rw xa/form2 cdda tray
Dec 23 10:46:37 localhost kernel: Uniform CD-ROM driver Revision: 3.20
Dec 23 10:46:37 localhost kernel: padlock: VIA PadLock not detected.
Dec 23 10:46:37 localhost kernel: Intel AES-NI instructions are not detected.
Dec 23 10:46:37 localhost kernel: dracut: Scanning devices dm-0  for LVM logical volumes VolGroup/lv_swap VolGroup/lv_root 
Dec 23 10:46:37 localhost kernel: dracut: inactive '/dev/VolGroup/lv_root' [15.60 GiB] inherit
Dec 23 10:46:37 localhost kernel: dracut: inactive '/dev/VolGroup/lv_swap' [3.91 GiB] inherit
Dec 23 10:46:37 localhost kernel: EXT4-fs (dm-1): mounted filesystem with ordered data mode. Opts: 
Dec 23 10:46:37 localhost kernel: dracut: Mounted root filesystem /dev/mapper/VolGroup-lv_root
Dec 23 10:46:37 localhost kernel: dracut: Loading SELinux policy
Dec 23 10:46:37 localhost kernel: type=1404 audit(1450867583.906:2): enforcing=1 old_enforcing=0 auid=4294967295 ses=4294967295
Dec 23 10:46:37 localhost kernel: type=1403 audit(1450867585.488:3): policy loaded auid=4294967295 ses=4294967295
Dec 23 10:46:37 localhost kernel: dracut: 
Dec 23 10:46:37 localhost kernel: dracut: Switching root
Dec 23 10:46:37 localhost kernel: udev: starting version 147
Dec 23 10:46:37 localhost kernel: shpchp: Standard Hot Plug PCI Controller Driver version: 0.4
Dec 23 10:46:37 localhost kernel: piix4_smbus 0000:00:07.3: Host SMBus controller not enabled!
Dec 23 10:46:37 localhost kernel: sd 2:0:0:0: Attached scsi generic sg0 type 0
Dec 23 10:46:37 localhost kernel: sr 4:0:0:0: Attached scsi generic sg1 type 5
Dec 23 10:46:37 localhost kernel: e1000: Intel(R) PRO/1000 Network Driver - version 7.3.21-k8-NAPI
Dec 23 10:46:37 localhost kernel: e1000: Copyright (c) 1999-2006 Intel Corporation.
Dec 23 10:46:37 localhost kernel: e1000 0000:02:00.0: PCI INT A -> GSI 18 (level, low) -> IRQ 18
Dec 23 10:46:37 localhost kernel: e1000 0000:02:00.0: eth0: (PCI:66MHz:32-bit) 00:0c:29:b2:b6:11
Dec 23 10:46:37 localhost kernel: e1000 0000:02:00.0: eth0: Intel(R) PRO/1000 Network Connection
Dec 23 10:46:37 localhost kernel: parport_pc 00:09: reported by Plug and Play ACPI
Dec 23 10:46:37 localhost kernel: parport0: PC-style at 0x378, irq 7 [PCSPP,TRISTATE]
Dec 23 10:46:37 localhost kernel: ppdev: user-space parallel port driver
Dec 23 10:46:37 localhost kernel: EXT4-fs (sda1): mounted filesystem with ordered data mode. Opts: 
Dec 23 10:46:37 localhost kernel: Adding 4095992k swap on /dev/mapper/VolGroup-lv_swap.  Priority:-1 extents:1 across:4095992k 
Dec 23 10:46:37 localhost kernel: NET: Registered protocol family 10
Dec 23 10:46:37 localhost kernel: lo: Disabled Privacy Extensions
Dec 23 10:46:37 localhost kernel: ip6_tables: (C) 2000-2006 Netfilter Core Team
Dec 23 10:46:37 localhost kernel: nf_conntrack version 0.5.0 (16384 buckets, 65536 max)
Dec 23 10:46:37 localhost kernel: ip_tables: (C) 2000-2006 Netfilter Core Team
Dec 23 10:46:37 localhost udevd[562]: can not read '/etc/udev/rules.d/70-persistent-cd.rules'
Dec 23 10:47:14 localhost kernel: lo: Disabled Privacy Extensions
Dec 23 10:47:14 localhost kernel: e1000: eth0 NIC Link is Up 1000 Mbps Full Duplex, Flow Control: None
Dec 23 10:47:16 localhost dhclient[1582]: DHCPDISCOVER on eth0 to 255.255.255.255 port 67 interval 7 (xid=0x650c3bd5)
Dec 23 10:47:17 localhost dhclient[1582]: DHCPOFFER from 192.168.220.254
Dec 23 10:47:17 localhost dhclient[1582]: DHCPREQUEST on eth0 to 255.255.255.255 port 67 (xid=0x650c3bd5)
Dec 23 10:47:17 localhost dhclient[1582]: DHCPACK from 192.168.220.254 (xid=0x650c3bd5)
Dec 23 10:47:19 localhost NET[1625]: /sbin/dhclient-script : updated /etc/resolv.conf
Dec 23 10:47:19 localhost dhclient[1582]: bound to 192.168.220.128 -- renewal in 732 seconds.
Dec 23 10:48:52 localhost kernel: lo: Disabled Privacy Extensions
Dec 23 10:48:52 localhost kernel: e1000: eth0 NIC Link is Up 1000 Mbps Full Duplex, Flow Control: None
Dec 23 10:48:52 localhost kernel: ADDRCONF(NETDEV_UP): eth0: link is not ready
Dec 23 10:48:52 localhost kernel: ADDRCONF(NETDEV_CHANGE): eth0: link becomes ready
Dec 23 10:50:57 localhost yum[2045]: Installed: 1:perl-Pod-Escapes-1.04-129.el6.x86_64
Dec 23 10:50:57 localhost yum[2045]: Installed: 4:perl-libs-5.10.1-129.el6.x86_64
Dec 23 10:50:57 localhost yum[2045]: Installed: 3:perl-version-0.77-129.el6.x86_64
Dec 23 10:50:57 localhost yum[2045]: Installed: 1:perl-Module-Pluggable-3.90-129.el6.x86_64
Dec 23 10:50:58 localhost yum[2045]: Installed: 1:perl-Pod-Simple-3.13-129.el6.x86_64
Dec 23 10:51:09 localhost yum[2045]: Installed: 4:perl-5.10.1-129.el6.x86_64
Dec 23 10:51:18 localhost yum[2045]: Installed: 2:vim-common-7.2.411-1.8.el6.x86_64
Dec 23 10:51:18 localhost yum[2045]: Installed: gpm-libs-1.20.6-12.el6.x86_64
Dec 23 10:51:18 localhost yum[2045]: Installed: 2:vim-enhanced-7.2.411-1.8.el6.x86_64
Dec 23 10:54:22 localhost yum[2070]: Installed: wget-1.12-1.8.el6.x86_64
Dec 23 10:58:27 localhost kernel: lo: Disabled Privacy Extensions
Dec 23 10:58:28 localhost kernel: e1000: eth0 NIC Link is Up 1000 Mbps Full Duplex, Flow Control: None
Dec 23 10:58:28 localhost kernel: ADDRCONF(NETDEV_UP): eth0: link is not ready
Dec 23 10:58:28 localhost kernel: ADDRCONF(NETDEV_CHANGE): eth0: link becomes ready
Dec 23 11:00:03 localhost kernel: lo: Disabled Privacy Extensions
Dec 23 11:00:03 localhost kernel: e1000: eth0 NIC Link is Up 1000 Mbps Full Duplex, Flow Control: None
Dec 23 11:00:03 localhost kernel: ADDRCONF(NETDEV_UP): eth0: link is not ready
Dec 23 11:00:03 localhost kernel: ADDRCONF(NETDEV_CHANGE): eth0: link becomes ready
Dec 23 11:12:19 localhost dbus: avc:  received setenforce notice (enforcing=0)
Dec 23 11:13:04 localhost kernel: lo: Disabled Privacy Extensions
Dec 23 11:13:04 localhost kernel: e1000: eth0 NIC Link is Up 1000 Mbps Full Duplex, Flow Control: None
Dec 23 11:13:50 localhost init: tty (/dev/tty1) main process ended, respawning
Dec 23 11:18:03 localhost kernel: e1000: eth0 NIC Link is Down
Dec 23 11:18:09 localhost kernel: e1000: eth0 NIC Link is Up 1000 Mbps Full Duplex, Flow Control: None
Dec 23 11:18:13 localhost kernel: e1000: eth0 NIC Link is Down
Dec 23 11:18:19 localhost kernel: e1000: eth0 NIC Link is Up 1000 Mbps Full Duplex, Flow Control: None
Dec 23 11:18:33 localhost kernel: e1000: eth0 NIC Link is Down
Dec 23 11:18:37 localhost kernel: e1000: eth0 NIC Link is Up 1000 Mbps Full Duplex, Flow Control: None
Dec 23 11:18:41 localhost kernel: e1000: eth0 NIC Link is Down
Dec 23 11:18:47 localhost kernel: e1000: eth0 NIC Link is Up 1000 Mbps Full Duplex, Flow Control: None
Dec 23 11:19:45 localhost kernel: e1000: eth0 NIC Link is Down
Dec 23 11:19:49 localhost kernel: e1000: eth0 NIC Link is Up 1000 Mbps Full Duplex, Flow Control: None
Dec 23 11:23:03 localhost rhsmd: In order for Subscription Manager to provide your system with updates, your system must be registered with the Customer Portal. Please enter your Red Hat login to ensure your system is up-to-date.
Dec 23 11:23:44 localhost kernel: lo: Disabled Privacy Extensions
Dec 23 11:23:45 localhost kernel: e1000: eth0 NIC Link is Up 1000 Mbps Full Duplex, Flow Control: None
Dec 23 11:23:45 localhost kernel: ADDRCONF(NETDEV_UP): eth0: link is not ready
Dec 23 11:23:45 localhost kernel: ADDRCONF(NETDEV_CHANGE): eth0: link becomes ready
Dec 23 11:24:35 localhost init: tty (/dev/tty2) main process (1281) killed by TERM signal
Dec 23 11:24:35 localhost init: tty (/dev/tty3) main process (1283) killed by TERM signal
Dec 23 11:24:35 localhost init: tty (/dev/tty4) main process (1285) killed by TERM signal
Dec 23 11:24:35 localhost init: tty (/dev/tty5) main process (1293) killed by TERM signal
Dec 23 11:24:35 localhost init: tty (/dev/tty6) main process (1295) killed by TERM signal
Dec 23 11:24:37 localhost console-kit-daemon[1300]: WARNING: no sender#012
Dec 23 11:24:37 localhost init: Disconnected from system bus
Dec 23 11:24:37 localhost auditd[1080]: The audit daemon is exiting.
Dec 23 11:24:37 localhost kernel: type=1305 audit(1450841077.481:145): audit_pid=0 old=1080 auid=4294967295 ses=4294967295 subj=system_u:system_r:auditd_t:s0 res=1
Dec 23 11:24:37 localhost kernel: type=1305 audit(1450841077.624:146): audit_enabled=0 old=1 auid=4294967295 ses=4294967295 subj=system_u:system_r:auditctl_t:s0 res=1
Dec 23 11:24:37 localhost kernel: Kernel logging (proc) stopped.
Dec 23 11:24:37 localhost rsyslogd: [origin software="rsyslogd" swVersion="5.8.10" x-pid="1096" x-info="http://www.rsyslog.com"] exiting on signal 15.
Dec 23 14:08:18 localhost kernel: imklog 5.8.10, log source = /proc/kmsg started.
Dec 23 14:08:18 localhost rsyslogd: [origin software="rsyslogd" swVersion="5.8.10" x-pid="1120" x-info="http://www.rsyslog.com"] start
Dec 23 14:08:18 localhost kernel: Initializing cgroup subsys cpuset
Dec 23 14:08:18 localhost kernel: Initializing cgroup subsys cpu
Dec 23 14:08:18 localhost kernel: Linux version 2.6.32-358.el6.x86_64 (mockbuild@x86-022.build.eng.bos.redhat.com) (gcc version 4.4.7 20120313 (Red Hat 4.4.7-3) (GCC) ) #1 SMP Tue Jan 29 11:47:41 EST 2013
Dec 23 14:08:18 localhost kernel: Command line: ro root=/dev/mapper/VolGroup-lv_root rd_LUKS_UUID=luks-4b3fb6fe-97d8-4118-8b9a-6cb259fe0077 LANG=en_US.UTF-8 rd_NO_MD rd_LVM_LV=VolGroup/lv_swap SYSFONT=latarcyrheb-sun16 crashkernel=auto rd_LVM_LV=VolGroup/lv_root  KEYBOARDTYPE=pc KEYTABLE=us rd_NO_DM rhgb quiet
Dec 23 14:08:18 localhost kernel: KERNEL supported cpus:
Dec 23 14:08:18 localhost kernel:  Intel GenuineIntel
Dec 23 14:08:18 localhost kernel:  AMD AuthenticAMD
Dec 23 14:08:18 localhost kernel:  Centaur CentaurHauls
Dec 23 14:08:18 localhost kernel: Disabled fast string operations
Dec 23 14:08:18 localhost kernel: BIOS-provided physical RAM map:
Dec 23 14:08:18 localhost kernel: BIOS-e820: 0000000000000000 - 000000000009ec00 (usable)
Dec 23 14:08:18 localhost kernel: BIOS-e820: 000000000009ec00 - 00000000000a0000 (reserved)
Dec 23 14:08:18 localhost kernel: BIOS-e820: 00000000000dc000 - 0000000000100000 (reserved)
Dec 23 14:08:18 localhost kernel: BIOS-e820: 0000000000100000 - 000000007fee0000 (usable)
Dec 23 14:08:18 localhost kernel: BIOS-e820: 000000007fee0000 - 000000007feff000 (ACPI data)
Dec 23 14:08:18 localhost kernel: BIOS-e820: 000000007feff000 - 000000007ff00000 (ACPI NVS)
Dec 23 14:08:18 localhost kernel: BIOS-e820: 000000007ff00000 - 0000000080000000 (usable)
Dec 23 14:08:18 localhost kernel: BIOS-e820: 00000000f0000000 - 00000000f8000000 (reserved)
Dec 23 14:08:18 localhost kernel: BIOS-e820: 00000000fec00000 - 00000000fec10000 (reserved)
Dec 23 14:08:18 localhost kernel: BIOS-e820: 00000000fee00000 - 00000000fee01000 (reserved)
Dec 23 14:08:18 localhost kernel: BIOS-e820: 00000000fffe0000 - 0000000100000000 (reserved)
Dec 23 14:08:18 localhost kernel: DMI present.
Dec 23 14:08:18 localhost kernel: SMBIOS version 2.4 @ 0xF6B30
Dec 23 14:08:18 localhost kernel: Phoenix BIOS detected: BIOS may corrupt low RAM, working around it.
Dec 23 14:08:18 localhost kernel: Hypervisor detected: VMware
Dec 23 14:08:18 localhost kernel: last_pfn = 0x80000 max_arch_pfn = 0x400000000
Dec 23 14:08:18 localhost kernel: x86 PAT enabled: cpu 0, old 0x0, new 0x7010600070106
Dec 23 14:08:18 localhost kernel: init_memory_mapping: 0000000000000000-0000000080000000
Dec 23 14:08:18 localhost kernel: RAMDISK: 3711f000 - 37fef369
Dec 23 14:08:18 localhost kernel: ACPI: RSDP 00000000000f6b80 00024 (v02 PTLTD )
Dec 23 14:08:18 localhost kernel: ACPI: XSDT 000000007feeda33 0005C (v01 INTEL  440BX    06040000 VMW  01324272)
Dec 23 14:08:18 localhost kernel: ACPI: FACP 000000007fefee73 000F4 (v04 INTEL  440BX    06040000 PTL  000F4240)
Dec 23 14:08:18 localhost kernel: ACPI: DSDT 000000007feee8eb 10588 (v01 PTLTD  Custom   06040000 MSFT 03000001)
Dec 23 14:08:18 localhost kernel: ACPI: FACS 000000007fefffc0 00040
Dec 23 14:08:18 localhost kernel: ACPI: BOOT 000000007feee8c3 00028 (v01 PTLTD  $SBFTBL$ 06040000  LTP 00000001)
Dec 23 14:08:18 localhost kernel: ACPI: APIC 000000007feee501 003C2 (v01 PTLTD  ? APIC   06040000  LTP 00000000)
Dec 23 14:08:18 localhost kernel: ACPI: MCFG 000000007feee4c5 0003C (v01 PTLTD  $PCITBL$ 06040000  LTP 00000001)
Dec 23 14:08:18 localhost kernel: ACPI: SRAT 000000007feedb2f 004D0 (v02 VMWARE MEMPLUG  06040000 VMW  00000001)
Dec 23 14:08:18 localhost kernel: ACPI: HPET 000000007feedaf7 00038 (v01 VMWARE VMW HPET 06040000 VMW  00000001)
Dec 23 14:08:18 localhost kernel: ACPI: WAET 000000007feedacf 00028 (v01 VMWARE VMW WAET 06040000 VMW  00000001)
Dec 23 14:08:18 localhost kernel: Setting APIC routing to physical flat.
Dec 23 14:08:18 localhost kernel: SRAT: PXM 0 -> APIC 0 -> Node 0
Dec 23 14:08:18 localhost kernel: SRAT: PXM 0 -> APIC 2 -> Node 0
Dec 23 14:08:18 localhost kernel: SRAT: PXM 0 -> APIC 4 -> Node 0
Dec 23 14:08:18 localhost kernel: SRAT: PXM 0 -> APIC 6 -> Node 0
Dec 23 14:08:18 localhost kernel: SRAT: PXM 0 -> APIC 8 -> Node 0
Dec 23 14:08:18 localhost kernel: SRAT: PXM 0 -> APIC 10 -> Node 0
Dec 23 14:08:18 localhost kernel: SRAT: PXM 0 -> APIC 12 -> Node 0
Dec 23 14:08:18 localhost kernel: SRAT: PXM 0 -> APIC 14 -> Node 0
Dec 23 14:08:18 localhost kernel: SRAT: PXM 0 -> APIC 16 -> Node 0
Dec 23 14:08:18 localhost kernel: SRAT: PXM 0 -> APIC 18 -> Node 0
Dec 23 14:08:18 localhost kernel: SRAT: PXM 0 -> APIC 20 -> Node 0
Dec 23 14:08:18 localhost kernel: SRAT: PXM 0 -> APIC 22 -> Node 0
Dec 23 14:08:18 localhost kernel: SRAT: PXM 0 -> APIC 24 -> Node 0
Dec 23 14:08:18 localhost kernel: SRAT: PXM 0 -> APIC 26 -> Node 0
Dec 23 14:08:18 localhost kernel: SRAT: PXM 0 -> APIC 28 -> Node 0
Dec 23 14:08:18 localhost kernel: SRAT: PXM 0 -> APIC 30 -> Node 0
Dec 23 14:08:18 localhost kernel: SRAT: PXM 0 -> APIC 32 -> Node 0
Dec 23 14:08:18 localhost kernel: SRAT: PXM 0 -> APIC 34 -> Node 0
Dec 23 14:08:18 localhost kernel: SRAT: PXM 0 -> APIC 36 -> Node 0
Dec 23 14:08:18 localhost kernel: SRAT: PXM 0 -> APIC 38 -> Node 0
Dec 23 14:08:18 localhost kernel: SRAT: PXM 0 -> APIC 40 -> Node 0
Dec 23 14:08:18 localhost kernel: SRAT: PXM 0 -> APIC 42 -> Node 0
Dec 23 14:08:18 localhost kernel: SRAT: PXM 0 -> APIC 44 -> Node 0
Dec 23 14:08:18 localhost kernel: SRAT: PXM 0 -> APIC 46 -> Node 0
Dec 23 14:08:18 localhost kernel: SRAT: PXM 0 -> APIC 48 -> Node 0
Dec 23 14:08:18 localhost kernel: SRAT: PXM 0 -> APIC 50 -> Node 0
Dec 23 14:08:18 localhost kernel: SRAT: PXM 0 -> APIC 52 -> Node 0
Dec 23 14:08:18 localhost kernel: SRAT: PXM 0 -> APIC 54 -> Node 0
